Archive member included to satisfy reference by file (symbol)

/usr/lib/gcc/arm-none-eabi/14.1.0/../../../../arm-none-eabi/lib/thumb/v7e-m+fp/hard/libc_nano.a(libc_a-atexit.o)
                              /usr/lib/gcc/arm-none-eabi/14.1.0/../../../../arm-none-eabi/lib/thumb/v7e-m+fp/hard/crt0.o (atexit)
/usr/lib/gcc/arm-none-eabi/14.1.0/../../../../arm-none-eabi/lib/thumb/v7e-m+fp/hard/libc_nano.a(libc_a-exit.o)
                              /usr/lib/gcc/arm-none-eabi/14.1.0/../../../../arm-none-eabi/lib/thumb/v7e-m+fp/hard/crt0.o (exit)
/usr/lib/gcc/arm-none-eabi/14.1.0/../../../../arm-none-eabi/lib/thumb/v7e-m+fp/hard/libc_nano.a(libc_a-findfp.o)
                              /usr/lib/gcc/arm-none-eabi/14.1.0/../../../../arm-none-eabi/lib/thumb/v7e-m+fp/hard/libc_nano.a(libc_a-exit.o) (__stdio_exit_handler)
/usr/lib/gcc/arm-none-eabi/14.1.0/../../../../arm-none-eabi/lib/thumb/v7e-m+fp/hard/libc_nano.a(libc_a-fwalk.o)
                              /usr/lib/gcc/arm-none-eabi/14.1.0/../../../../arm-none-eabi/lib/thumb/v7e-m+fp/hard/libc_nano.a(libc_a-findfp.o) (_fwalk_sglue)
/usr/lib/gcc/arm-none-eabi/14.1.0/../../../../arm-none-eabi/lib/thumb/v7e-m+fp/hard/libc_nano.a(libc_a-stdio.o)
                              /usr/lib/gcc/arm-none-eabi/14.1.0/../../../../arm-none-eabi/lib/thumb/v7e-m+fp/hard/libc_nano.a(libc_a-findfp.o) (__sread)
/usr/lib/gcc/arm-none-eabi/14.1.0/../../../../arm-none-eabi/lib/thumb/v7e-m+fp/hard/libc_nano.a(libc_a-memset.o)
                              /usr/lib/gcc/arm-none-eabi/14.1.0/../../../../arm-none-eabi/lib/thumb/v7e-m+fp/hard/crt0.o (memset)
/usr/lib/gcc/arm-none-eabi/14.1.0/../../../../arm-none-eabi/lib/thumb/v7e-m+fp/hard/libc_nano.a(libc_a-closer.o)
                              /usr/lib/gcc/arm-none-eabi/14.1.0/../../../../arm-none-eabi/lib/thumb/v7e-m+fp/hard/libc_nano.a(libc_a-stdio.o) (_close_r)
/usr/lib/gcc/arm-none-eabi/14.1.0/../../../../arm-none-eabi/lib/thumb/v7e-m+fp/hard/libc_nano.a(libc_a-reent.o)
                              /usr/lib/gcc/arm-none-eabi/14.1.0/../../../../arm-none-eabi/lib/thumb/v7e-m+fp/hard/libc_nano.a(libc_a-closer.o) (errno)
/usr/lib/gcc/arm-none-eabi/14.1.0/../../../../arm-none-eabi/lib/thumb/v7e-m+fp/hard/libc_nano.a(libc_a-impure.o)
                              /usr/lib/gcc/arm-none-eabi/14.1.0/../../../../arm-none-eabi/lib/thumb/v7e-m+fp/hard/libc_nano.a(libc_a-reent.o) (_impure_ptr)
/usr/lib/gcc/arm-none-eabi/14.1.0/../../../../arm-none-eabi/lib/thumb/v7e-m+fp/hard/libc_nano.a(libc_a-lseekr.o)
                              /usr/lib/gcc/arm-none-eabi/14.1.0/../../../../arm-none-eabi/lib/thumb/v7e-m+fp/hard/libc_nano.a(libc_a-stdio.o) (_lseek_r)
/usr/lib/gcc/arm-none-eabi/14.1.0/../../../../arm-none-eabi/lib/thumb/v7e-m+fp/hard/libc_nano.a(libc_a-readr.o)
                              /usr/lib/gcc/arm-none-eabi/14.1.0/../../../../arm-none-eabi/lib/thumb/v7e-m+fp/hard/libc_nano.a(libc_a-stdio.o) (_read_r)
/usr/lib/gcc/arm-none-eabi/14.1.0/../../../../arm-none-eabi/lib/thumb/v7e-m+fp/hard/libc_nano.a(libc_a-writer.o)
                              /usr/lib/gcc/arm-none-eabi/14.1.0/../../../../arm-none-eabi/lib/thumb/v7e-m+fp/hard/libc_nano.a(libc_a-stdio.o) (_write_r)
/usr/lib/gcc/arm-none-eabi/14.1.0/../../../../arm-none-eabi/lib/thumb/v7e-m+fp/hard/libc_nano.a(libc_a-errno.o)
                              build/debug/Core/Src/syscalls.o (__errno)
/usr/lib/gcc/arm-none-eabi/14.1.0/../../../../arm-none-eabi/lib/thumb/v7e-m+fp/hard/libc_nano.a(libc_a-init.o)
                              /usr/lib/gcc/arm-none-eabi/14.1.0/../../../../arm-none-eabi/lib/thumb/v7e-m+fp/hard/crt0.o (__libc_init_array)
/usr/lib/gcc/arm-none-eabi/14.1.0/../../../../arm-none-eabi/lib/thumb/v7e-m+fp/hard/libc_nano.a(libc_a-fini.o)
                              /usr/lib/gcc/arm-none-eabi/14.1.0/../../../../arm-none-eabi/lib/thumb/v7e-m+fp/hard/crt0.o (__libc_fini_array)
/usr/lib/gcc/arm-none-eabi/14.1.0/../../../../arm-none-eabi/lib/thumb/v7e-m+fp/hard/libc_nano.a(libc_a-lock.o)
                              /usr/lib/gcc/arm-none-eabi/14.1.0/../../../../arm-none-eabi/lib/thumb/v7e-m+fp/hard/libc_nano.a(libc_a-findfp.o) (__retarget_lock_init_recursive)
/usr/lib/gcc/arm-none-eabi/14.1.0/../../../../arm-none-eabi/lib/thumb/v7e-m+fp/hard/libc_nano.a(libc_a-__atexit.o)
                              /usr/lib/gcc/arm-none-eabi/14.1.0/../../../../arm-none-eabi/lib/thumb/v7e-m+fp/hard/libc_nano.a(libc_a-atexit.o) (__register_exitproc)
/usr/lib/gcc/arm-none-eabi/14.1.0/../../../../arm-none-eabi/lib/thumb/v7e-m+fp/hard/libc_nano.a(libc_a-__call_atexit.o)
                              /usr/lib/gcc/arm-none-eabi/14.1.0/../../../../arm-none-eabi/lib/thumb/v7e-m+fp/hard/libc_nano.a(libc_a-__atexit.o) (__call_exitprocs)
/usr/lib/gcc/arm-none-eabi/14.1.0/../../../../arm-none-eabi/lib/thumb/v7e-m+fp/hard/libc_nano.a(libc_a-freer.o)
                              /usr/lib/gcc/arm-none-eabi/14.1.0/../../../../arm-none-eabi/lib/thumb/v7e-m+fp/hard/libc_nano.a(libc_a-reent.o) (_free_r)
[...]
Memory Configuration

Name             Origin             Length             Attributes
RAM              0x20000000         0x00030000         xrw
RAM2             0x10000000         0x00010000         xrw
RAM3             0x20040000         0x00060000         xrw
FLASH            0x08000000         0x00200000         xr
*default*        0x00000000         0xffffffff

Linker script and memory map

LOAD /usr/lib/gcc/arm-none-eabi/14.1.0/thumb/v7e-m+fp/hard/crti.o
LOAD /usr/lib/gcc/arm-none-eabi/14.1.0/thumb/v7e-m+fp/hard/crtbegin.o
LOAD /usr/lib/gcc/arm-none-eabi/14.1.0/../../../../arm-none-eabi/lib/thumb/v7e-m+fp/hard/crt0.o
LOAD build/debug/Core/Src/main.o
LOAD build/debug/Core/Src/myBootLoader.o
LOAD build/debug/Core/Src/stm32l4xx_hal_msp.o
LOAD build/debug/Core/Src/stm32l4xx_it.o
LOAD build/debug/Core/Src/syscalls.o
LOAD build/debug/Core/Src/sysmem.o
LOAD build/debug/Core/Src/system_stm32l4xx.o
LOAD build/debug/Drivers/STM32L4xx_HAL_Driver/Src/stm32l4xx_hal.o
LOAD build/debug/Drivers/STM32L4xx_HAL_Driver/Src/stm32l4xx_hal_cortex.o
LOAD build/debug/Drivers/STM32L4xx_HAL_Driver/Src/stm32l4xx_hal_dma.o
LOAD build/debug/Drivers/STM32L4xx_HAL_Driver/Src/stm32l4xx_hal_dma_ex.o
LOAD build/debug/Drivers/STM32L4xx_HAL_Driver/Src/stm32l4xx_hal_exti.o
LOAD build/debug/Drivers/STM32L4xx_HAL_Driver/Src/stm32l4xx_hal_flash.o
LOAD build/debug/Drivers/STM32L4xx_HAL_Driver/Src/stm32l4xx_hal_flash_ex.o
LOAD build/debug/Drivers/STM32L4xx_HAL_Driver/Src/stm32l4xx_hal_flash_ramfunc.o
LOAD build/debug/Drivers/STM32L4xx_HAL_Driver/Src/stm32l4xx_hal_gpio.o
LOAD build/debug/Drivers/STM32L4xx_HAL_Driver/Src/stm32l4xx_hal_i2c.o
LOAD build/debug/Drivers/STM32L4xx_HAL_Driver/Src/stm32l4xx_hal_i2c_ex.o
LOAD build/debug/Drivers/STM32L4xx_HAL_Driver/Src/stm32l4xx_hal_pcd.o
LOAD build/debug/Drivers/STM32L4xx_HAL_Driver/Src/stm32l4xx_hal_pcd_ex.o
LOAD build/debug/Drivers/STM32L4xx_HAL_Driver/Src/stm32l4xx_hal_pwr.o
LOAD build/debug/Drivers/STM32L4xx_HAL_Driver/Src/stm32l4xx_hal_pwr_ex.o
LOAD build/debug/Drivers/STM32L4xx_HAL_Driver/Src/stm32l4xx_hal_rcc.o
LOAD build/debug/Drivers/STM32L4xx_HAL_Driver/Src/stm32l4xx_hal_rcc_ex.o
LOAD build/debug/Drivers/STM32L4xx_HAL_Driver/Src/stm32l4xx_hal_uart.o
LOAD build/debug/Drivers/STM32L4xx_HAL_Driver/Src/stm32l4xx_hal_uart_ex.o
LOAD build/debug/Drivers/STM32L4xx_HAL_Driver/Src/stm32l4xx_ll_usb.o
LOAD build/debug/startup_stm32l4r5xx.o
LOAD /usr/lib/gcc/arm-none-eabi/14.1.0/../../../../arm-none-eabi/lib/thumb/v7e-m+fp/hard/libc_nano.a
LOAD /usr/lib/gcc/arm-none-eabi/14.1.0/../../../../arm-none-eabi/lib/thumb/v7e-m+fp/hard/libm.a
LOAD /usr/lib/gcc/arm-none-eabi/14.1.0/../../../../arm-none-eabi/lib/thumb/v7e-m+fp/hard/libnosys.a
START GROUP
LOAD /usr/lib/gcc/arm-none-eabi/14.1.0/thumb/v7e-m+fp/hard/libgcc.a
LOAD /usr/lib/gcc/arm-none-eabi/14.1.0/../../../../arm-none-eabi/lib/thumb/v7e-m+fp/hard/libc_nano.a
END GROUP
START GROUP
LOAD /usr/lib/gcc/arm-none-eabi/14.1.0/thumb/v7e-m+fp/hard/libgcc.a
LOAD /usr/lib/gcc/arm-none-eabi/14.1.0/../../../../arm-none-eabi/lib/thumb/v7e-m+fp/hard/libc_nano.a
END GROUP
LOAD /usr/lib/gcc/arm-none-eabi/14.1.0/thumb/v7e-m+fp/hard/crtend.o
LOAD /usr/lib/gcc/arm-none-eabi/14.1.0/thumb/v7e-m+fp/hard/crtn.o
                0x20030000                        _estack = (ORIGIN (RAM) + LENGTH (RAM))
                0x00000200                        _Min_Heap_Size = 0x200
                0x00000400                        _Min_Stack_Size = 0x400

.isr_vector     0x08000000      0x1c0
                0x08000000                        . = ALIGN (0x8)
 *(.isr_vector)
 .isr_vector    0x08000000      0x1bc build/debug/startup_stm32l4r5xx.o
                0x08000000                g_pfnVectors
                0x080001c0                        . = ALIGN (0x8)
 *fill*         0x080001bc        0x4 

.text           0x080001c0     0x3250
                0x080001c0                        . = ALIGN (0x8)
 *(.text)
 .text          0x080001c0       0x88 /usr/lib/gcc/arm-none-eabi/14.1.0/thumb/v7e-m+fp/hard/crtbegin.o
 .text          0x08000248       0x30 /usr/lib/gcc/arm-none-eabi/14.1.0/thumb/v7e-m+fp/hard/libgcc.a(_aeabi_uldivmod.o)
                0x08000248                __aeabi_uldivmod
 .text          0x08000278      0x2f8 /usr/lib/gcc/arm-none-eabi/14.1.0/thumb/v7e-m+fp/hard/libgcc.a(_udivmoddi4.o)
                0x08000278                __udivmoddi4
 .text          0x08000570        0x4 /usr/lib/gcc/arm-none-eabi/14.1.0/thumb/v7e-m+fp/hard/libgcc.a(_dvmd_tls.o)
                0x08000570                __aeabi_ldiv0
                0x08000570                __aeabi_idiv0
 *(.text*)
 .text.MX_GPIO_Init
                0x08000574      0x108 build/debug/Core/Src/main.o
 .text.Error_Handler
                0x0800067c        0x4 build/debug/Core/Src/main.o
                0x0800067c                Error_Handler
 .text.MX_LPUART1_UART_Init
                0x08000680       0x60 build/debug/Core/Src/main.o
 .text.MX_USART3_UART_Init
                0x080006e0       0x60 build/debug/Core/Src/main.o
 .text.MX_USB_OTG_FS_PCD_Init
                0x08000740       0x34 build/debug/Core/Src/main.o
 .text.SystemClock_Config
                0x08000774       0x7c build/debug/Core/Src/main.o
                0x08000774                SystemClock_Config
 .text.main     0x080007f0       0x68 build/debug/Core/Src/main.o
                0x080007f0                main
 .text.ResetAllPeripherals
                0x08000858      0x1a4 build/debug/Core/Src/myBootLoader.o
                0x08000858                ResetAllPeripherals
 .text.MyBootloader
                0x080009fc       0x2c build/debug/Core/Src/myBootLoader.o
                0x080009fc                MyBootloader
 .text.HAL_MspInit
                0x08000a28       0x30 build/debug/Core/Src/stm32l4xx_hal_msp.o
                0x08000a28                HAL_MspInit
 .text.HAL_UART_MspInit
                0x08000a58       0xf4 build/debug/Core/Src/stm32l4xx_hal_msp.o
                0x08000a58                HAL_UART_MspInit
 .text.HAL_UART_MspDeInit
                0x08000b4c       0x54 build/debug/Core/Src/stm32l4xx_hal_msp.o
                0x08000b4c                HAL_UART_MspDeInit
 .text.HAL_PCD_MspInit
                0x08000ba0       0xcc build/debug/Core/Src/stm32l4xx_hal_msp.o
                0x08000ba0                HAL_PCD_MspInit
 .text.HAL_PCD_MspDeInit
                0x08000c6c       0x58 build/debug/Core/Src/stm32l4xx_hal_msp.o
                0x08000c6c                HAL_PCD_MspDeInit
 .text.NMI_Handler
                0x08000cc4        0x2 build/debug/Core/Src/stm32l4xx_it.o
                0x08000cc4                NMI_Handler
 .text.HardFault_Handler
                0x08000cc6        0x2 build/debug/Core/Src/stm32l4xx_it.o
                0x08000cc6                HardFault_Handler
 .text.MemManage_Handler
                0x08000cc8        0x2 build/debug/Core/Src/stm32l4xx_it.o
                0x08000cc8                MemManage_Handler
 .text.BusFault_Handler
                0x08000cca        0x2 build/debug/Core/Src/stm32l4xx_it.o
                0x08000cca                BusFault_Handler
 .text.UsageFault_Handler
                0x08000ccc        0x2 build/debug/Core/Src/stm32l4xx_it.o
                0x08000ccc                UsageFault_Handler
 .text.SVC_Handler
                0x08000cce        0x2 build/debug/Core/Src/stm32l4xx_it.o
                0x08000cce                SVC_Handler
 .text.DebugMon_Handler
                0x08000cd0        0x2 build/debug/Core/Src/stm32l4xx_it.o
                0x08000cd0                DebugMon_Handler
 .text.PendSV_Handler
                0x08000cd2        0x2 build/debug/Core/Src/stm32l4xx_it.o
                0x08000cd2                PendSV_Handler
 .text.SysTick_Handler
                0x08000cd4        0x8 build/debug/Core/Src/stm32l4xx_it.o
                0x08000cd4                SysTick_Handler
 .text.SystemInit
                0x08000cdc       0x14 build/debug/Core/Src/system_stm32l4xx.o
                0x08000cdc                SystemInit
 .text.HAL_InitTick
                0x08000cf0       0x50 build/debug/Drivers/STM32L4xx_HAL_Driver/Src/stm32l4xx_hal.o
                0x08000cf0                HAL_InitTick
 .text.HAL_Init
                0x08000d40       0x1e build/debug/Drivers/STM32L4xx_HAL_Driver/Src/stm32l4xx_hal.o
                0x08000d40                HAL_Init
 *fill*         0x08000d5e        0x2 
 .text.HAL_IncTick
                0x08000d60       0x18 build/debug/Drivers/STM32L4xx_HAL_Driver/Src/stm32l4xx_hal.o
                0x08000d60                HAL_IncTick
 .text.HAL_GetTick
                0x08000d78        0xc build/debug/Drivers/STM32L4xx_HAL_Driver/Src/stm32l4xx_hal.o
                0x08000d78                HAL_GetTick
 .text.HAL_Delay
                0x08000d84       0x28 build/debug/Drivers/STM32L4xx_HAL_Driver/Src/stm32l4xx_hal.o
                0x08000d84                HAL_Delay
 .text.__NVIC_SetPriority
                0x08000dac       0x28 build/debug/Drivers/STM32L4xx_HAL_Driver/Src/stm32l4xx_hal_cortex.o
 .text.NVIC_EncodePriority
                0x08000dd4       0x3e build/debug/Drivers/STM32L4xx_HAL_Driver/Src/stm32l4xx_hal_cortex.o
 *fill*         0x08000e12        0x2 
 .text.HAL_NVIC_SetPriorityGrouping
                0x08000e14       0x24 build/debug/Drivers/STM32L4xx_HAL_Driver/Src/stm32l4xx_hal_cortex.o
                0x08000e14                HAL_NVIC_SetPriorityGrouping
 .text.HAL_NVIC_SetPriority
                0x08000e38       0x20 build/debug/Drivers/STM32L4xx_HAL_Driver/Src/stm32l4xx_hal_cortex.o
                0x08000e38                HAL_NVIC_SetPriority
 .text.HAL_SYSTICK_Config
                0x08000e58       0x28 build/debug/Drivers/STM32L4xx_HAL_Driver/Src/stm32l4xx_hal_cortex.o
                0x08000e58                HAL_SYSTICK_Config
 .text.HAL_GPIO_Init
                0x08000e80      0x1f0 build/debug/Drivers/STM32L4xx_HAL_Driver/Src/stm32l4xx_hal_gpio.o
                0x08000e80                HAL_GPIO_Init
 .text.HAL_GPIO_DeInit
                0x08001070      0x134 build/debug/Drivers/STM32L4xx_HAL_Driver/Src/stm32l4xx_hal_gpio.o
                0x08001070                HAL_GPIO_DeInit
 .text.HAL_GPIO_WritePin
                0x080011a4        0xa build/debug/Drivers/STM32L4xx_HAL_Driver/Src/stm32l4xx_hal_gpio.o
                0x080011a4                HAL_GPIO_WritePin
 .text.HAL_GPIO_TogglePin
                0x080011ae       0x12 build/debug/Drivers/STM32L4xx_HAL_Driver/Src/stm32l4xx_hal_gpio.o
                0x080011ae                HAL_GPIO_TogglePin
 .text.HAL_PCD_Init
                0x080011c0      0x106 build/debug/Drivers/STM32L4xx_HAL_Driver/Src/stm32l4xx_hal_pcd.o
                0x080011c0                HAL_PCD_Init
 .text.HAL_PCD_DeInit
                0x080012c6       0x2e build/debug/Drivers/STM32L4xx_HAL_Driver/Src/stm32l4xx_hal_pcd.o
                0x080012c6                HAL_PCD_DeInit
 .text.HAL_PCDEx_ActivateLPM
                0x080012f4       0x26 build/debug/Drivers/STM32L4xx_HAL_Driver/Src/stm32l4xx_hal_pcd_ex.o
                0x080012f4                HAL_PCDEx_ActivateLPM
 *fill*         0x0800131a        0x2 
 .text.HAL_PWREx_GetVoltageRange
                0x0800131c       0x24 build/debug/Drivers/STM32L4xx_HAL_Driver/Src/stm32l4xx_hal_pwr_ex.o
                0x0800131c                HAL_PWREx_GetVoltageRange
 .text.HAL_PWREx_ControlVoltageScaling
                0x08001340      0x10c build/debug/Drivers/STM32L4xx_HAL_Driver/Src/stm32l4xx_hal_pwr_ex.o
                0x08001340                HAL_PWREx_ControlVoltageScaling
 .text.HAL_PWREx_EnableVddUSB
                0x0800144c       0x10 build/debug/Drivers/STM32L4xx_HAL_Driver/Src/stm32l4xx_hal_pwr_ex.o
                0x0800144c                HAL_PWREx_EnableVddUSB
 .text.HAL_PWREx_DisableVddUSB
                0x0800145c       0x10 build/debug/Drivers/STM32L4xx_HAL_Driver/Src/stm32l4xx_hal_pwr_ex.o
                0x0800145c                HAL_PWREx_DisableVddUSB
 .text.HAL_PWREx_EnableVddIO2
                0x0800146c       0x10 build/debug/Drivers/STM32L4xx_HAL_Driver/Src/stm32l4xx_hal_pwr_ex.o
                0x0800146c                HAL_PWREx_EnableVddIO2
 .text.RCC_GetSysClockFreqFromPLLSource
                0x0800147c       0x7c build/debug/Drivers/STM32L4xx_HAL_Driver/Src/stm32l4xx_hal_rcc.o
 .text.RCC_SetFlashLatencyFromMSIRange
                0x080014f8       0x8c build/debug/Drivers/STM32L4xx_HAL_Driver/Src/stm32l4xx_hal_rcc.o
 .text.HAL_RCC_GetSysClockFreq
                0x08001584       0xa8 build/debug/Drivers/STM32L4xx_HAL_Driver/Src/stm32l4xx_hal_rcc.o
                0x08001584                HAL_RCC_GetSysClockFreq
 .text.HAL_RCC_OscConfig
                0x0800162c      0x67c build/debug/Drivers/STM32L4xx_HAL_Driver/Src/stm32l4xx_hal_rcc.o
                0x0800162c                HAL_RCC_OscConfig
 .text.HAL_RCC_ClockConfig
                0x08001ca8      0x204 build/debug/Drivers/STM32L4xx_HAL_Driver/Src/stm32l4xx_hal_rcc.o
                0x08001ca8                HAL_RCC_ClockConfig
 .text.HAL_RCC_GetHCLKFreq
                0x08001eac        0xc build/debug/Drivers/STM32L4xx_HAL_Driver/Src/stm32l4xx_hal_rcc.o
                0x08001eac                HAL_RCC_GetHCLKFreq
 .text.HAL_RCC_GetPCLK1Freq
                0x08001eb8       0x24 build/debug/Drivers/STM32L4xx_HAL_Driver/Src/stm32l4xx_hal_rcc.o
                0x08001eb8                HAL_RCC_GetPCLK1Freq
 .text.HAL_RCC_GetPCLK2Freq
                0x08001edc       0x24 build/debug/Drivers/STM32L4xx_HAL_Driver/Src/stm32l4xx_hal_rcc.o
                0x08001edc                HAL_RCC_GetPCLK2Freq
 .text.RCCEx_PLLSAI2_Config
                0x08001f00      0x16c build/debug/Drivers/STM32L4xx_HAL_Driver/Src/stm32l4xx_hal_rcc_ex.o
 .text.RCCEx_PLLSAI1_Config
                0x0800206c      0x16c build/debug/Drivers/STM32L4xx_HAL_Driver/Src/stm32l4xx_hal_rcc_ex.o
 .text.HAL_RCCEx_PeriphCLKConfig
                0x080021d8      0x4dc build/debug/Drivers/STM32L4xx_HAL_Driver/Src/stm32l4xx_hal_rcc_ex.o
                0x080021d8                HAL_RCCEx_PeriphCLKConfig
 .text.UART_EndRxTransfer
                0x080026b4       0x56 build/debug/Drivers/STM32L4xx_HAL_Driver/Src/stm32l4xx_hal_uart.o
 .text.HAL_UART_DeInit
                0x0800270a       0x44 build/debug/Drivers/STM32L4xx_HAL_Driver/Src/stm32l4xx_hal_uart.o
                0x0800270a                HAL_UART_DeInit
 *fill*         0x0800274e        0x2 
 .text.UART_SetConfig
                0x08002750      0x410 build/debug/Drivers/STM32L4xx_HAL_Driver/Src/stm32l4xx_hal_uart.o
                0x08002750                UART_SetConfig
 .text.UART_AdvFeatureConfig
                0x08002b60       0xca build/debug/Drivers/STM32L4xx_HAL_Driver/Src/stm32l4xx_hal_uart.o
                0x08002b60                UART_AdvFeatureConfig
 .text.UART_WaitOnFlagUntilTimeout
                0x08002c2a       0x9e build/debug/Drivers/STM32L4xx_HAL_Driver/Src/stm32l4xx_hal_uart.o
                0x08002c2a                UART_WaitOnFlagUntilTimeout
 .text.HAL_UART_Transmit
                0x08002cc8       0xd2 build/debug/Drivers/STM32L4xx_HAL_Driver/Src/stm32l4xx_hal_uart.o
                0x08002cc8                HAL_UART_Transmit
 .text.UART_CheckIdleState
                0x08002d9a       0xca build/debug/Drivers/STM32L4xx_HAL_Driver/Src/stm32l4xx_hal_uart.o
                0x08002d9a                UART_CheckIdleState
 .text.HAL_UART_Init
                0x08002e64       0x66 build/debug/Drivers/STM32L4xx_HAL_Driver/Src/stm32l4xx_hal_uart.o
                0x08002e64                HAL_UART_Init
 *fill*         0x08002eca        0x2 
 .text.UARTEx_SetNbDataToProcess
                0x08002ecc       0x4c build/debug/Drivers/STM32L4xx_HAL_Driver/Src/stm32l4xx_hal_uart_ex.o
 .text.HAL_UARTEx_DisableFifoMode
                0x08002f18       0x3e build/debug/Drivers/STM32L4xx_HAL_Driver/Src/stm32l4xx_hal_uart_ex.o
                0x08002f18                HAL_UARTEx_DisableFifoMode
 .text.HAL_UARTEx_SetTxFifoThreshold
                0x08002f56       0x4a build/debug/Drivers/STM32L4xx_HAL_Driver/Src/stm32l4xx_hal_uart_ex.o
                0x08002f56                HAL_UARTEx_SetTxFifoThreshold
 .text.HAL_UARTEx_SetRxFifoThreshold
                0x08002fa0       0x4a build/debug/Drivers/STM32L4xx_HAL_Driver/Src/stm32l4xx_hal_uart_ex.o
                0x08002fa0                HAL_UARTEx_SetRxFifoThreshold
 .text.USB_CoreReset
                0x08002fea       0x4a build/debug/Drivers/STM32L4xx_HAL_Driver/Src/stm32l4xx_ll_usb.o
 .text.USB_CoreInit
                0x08003034       0x3a build/debug/Drivers/STM32L4xx_HAL_Driver/Src/stm32l4xx_ll_usb.o
                0x08003034                USB_CoreInit
 .text.USB_DisableGlobalInt
                0x0800306e        0xc build/debug/Drivers/STM32L4xx_HAL_Driver/Src/stm32l4xx_ll_usb.o
                0x0800306e                USB_DisableGlobalInt
 .text.USB_FlushTxFifo
                0x0800307a       0x4a build/debug/Drivers/STM32L4xx_HAL_Driver/Src/stm32l4xx_ll_usb.o
                0x0800307a                USB_FlushTxFifo
 .text.USB_FlushRxFifo
                0x080030c4       0x46 build/debug/Drivers/STM32L4xx_HAL_Driver/Src/stm32l4xx_ll_usb.o
                0x080030c4                USB_FlushRxFifo
 .text.USB_SetDevSpeed
                0x0800310a        0xe build/debug/Drivers/STM32L4xx_HAL_Driver/Src/stm32l4xx_ll_usb.o
                0x0800310a                USB_SetDevSpeed
 .text.USB_DevInit
                0x08003118      0x168 build/debug/Drivers/STM32L4xx_HAL_Driver/Src/stm32l4xx_ll_usb.o
                0x08003118                USB_DevInit
 .text.USB_StopDevice
                0x08003280       0x40 build/debug/Drivers/STM32L4xx_HAL_Driver/Src/stm32l4xx_ll_usb.o
                0x08003280                USB_StopDevice
 .text.USB_DevDisconnect
                0x080032c0       0x1c build/debug/Drivers/STM32L4xx_HAL_Driver/Src/stm32l4xx_ll_usb.o
                0x080032c0                USB_DevDisconnect
 .text.USB_GetMode
                0x080032dc        0x8 build/debug/Drivers/STM32L4xx_HAL_Driver/Src/stm32l4xx_ll_usb.o
                0x080032dc                USB_GetMode
 .text.USB_SetCurrentMode
                0x080032e4       0x62 build/debug/Drivers/STM32L4xx_HAL_Driver/Src/stm32l4xx_ll_usb.o
                0x080032e4                USB_SetCurrentMode
 *fill*         0x08003346        0x2 
 .text.Reset_Handler
                0x08003348       0x50 build/debug/startup_stm32l4r5xx.o
                0x08003348                Reset_Handler
 .text.Default_Handler
                0x08003398        0x2 build/debug/startup_stm32l4r5xx.o
                0x08003398                RTC_Alarm_IRQHandler
                0x08003398                EXTI2_IRQHandler
                0x08003398                TIM8_TRG_COM_IRQHandler
                0x08003398                TIM8_CC_IRQHandler
                0x08003398                TIM1_CC_IRQHandler
                0x08003398                TSC_IRQHandler
                0x08003398                TAMP_STAMP_IRQHandler
                0x08003398                EXTI3_IRQHandler
                0x08003398                LPTIM2_IRQHandler
                0x08003398                DFSDM1_FLT1_IRQHandler
                0x08003398                GFXMMU_IRQHandler
                0x08003398                I2C3_ER_IRQHandler
                0x08003398                DFSDM1_FLT2_IRQHandler
                0x08003398                EXTI0_IRQHandler
                0x08003398                I2C2_EV_IRQHandler
                0x08003398                CAN1_RX0_IRQHandler
                0x08003398                FPU_IRQHandler
                0x08003398                TIM1_UP_TIM16_IRQHandler
                0x08003398                LTDC_ER_IRQHandler
                0x08003398                SPI1_IRQHandler
                0x08003398                OCTOSPI1_IRQHandler
                0x08003398                TIM6_DAC_IRQHandler
                0x08003398                DCMI_IRQHandler
                0x08003398                TIM8_UP_IRQHandler
                0x08003398                OCTOSPI2_IRQHandler
                0x08003398                DMA2_Channel2_IRQHandler
                0x08003398                DMA1_Channel4_IRQHandler
                0x08003398                SAI2_IRQHandler
                0x08003398                ADC1_IRQHandler
                0x08003398                DFSDM1_FLT3_IRQHandler
                0x08003398                USART3_IRQHandler
                0x08003398                DMA1_Channel7_IRQHandler
                0x08003398                CAN1_RX1_IRQHandler
                0x08003398                UART5_IRQHandler
                0x08003398                TIM4_IRQHandler
                0x08003398                DMA2_Channel1_IRQHandler
                0x08003398                I2C1_EV_IRQHandler
                0x08003398                DMAMUX1_OVR_IRQHandler
                0x08003398                DMA1_Channel6_IRQHandler
                0x08003398                UART4_IRQHandler
                0x08003398                DMA2_Channel4_IRQHandler
                0x08003398                TIM3_IRQHandler
                0x08003398                RCC_IRQHandler
                0x08003398                DMA1_Channel1_IRQHandler
                0x08003398                Default_Handler
                0x08003398                DMA2_Channel7_IRQHandler
                0x08003398                EXTI15_10_IRQHandler
                0x08003398                TIM7_IRQHandler
                0x08003398                SDMMC1_IRQHandler
                0x08003398                TIM5_IRQHandler
                0x08003398                I2C3_EV_IRQHandler
                0x08003398                EXTI9_5_IRQHandler
                0x08003398                RTC_WKUP_IRQHandler
                0x08003398                LTDC_IRQHandler
                0x08003398                PVD_PVM_IRQHandler
                0x08003398                SPI2_IRQHandler
                0x08003398                CAN1_TX_IRQHandler
                0x08003398                DMA2_Channel5_IRQHandler
                0x08003398                CRS_IRQHandler
                0x08003398                DMA1_Channel5_IRQHandler
                0x08003398                EXTI4_IRQHandler
                0x08003398                RNG_IRQHandler
                0x08003398                TIM1_TRG_COM_TIM17_IRQHandler
                0x08003398                DMA1_Channel3_IRQHandler
                0x08003398                COMP_IRQHandler
                0x08003398                WWDG_IRQHandler
                0x08003398                I2C4_EV_IRQHandler
                0x08003398                LPUART1_IRQHandler
                0x08003398                DMA2_Channel6_IRQHandler
                0x08003398                TIM2_IRQHandler
                0x08003398                DMA2D_IRQHandler
                0x08003398                EXTI1_IRQHandler
                0x08003398                USART2_IRQHandler
                0x08003398                DFSDM1_FLT0_IRQHandler
                0x08003398                I2C2_ER_IRQHandler
                0x08003398                DMA1_Channel2_IRQHandler
                0x08003398                TIM8_BRK_IRQHandler
                0x08003398                CAN1_SCE_IRQHandler
                0x08003398                FLASH_IRQHandler
                0x08003398                USART1_IRQHandler
                0x08003398                OTG_FS_IRQHandler
                0x08003398                SPI3_IRQHandler
                0x08003398                I2C1_ER_IRQHandler
                0x08003398                FMC_IRQHandler
                0x08003398                LPTIM1_IRQHandler
                0x08003398                I2C4_ER_IRQHandler
                0x08003398                SAI1_IRQHandler
                0x08003398                DMA2_Channel3_IRQHandler
                0x08003398                TIM1_BRK_TIM15_IRQHandler
 .text.memset   0x0800339a       0x10 /usr/lib/gcc/arm-none-eabi/14.1.0/../../../../arm-none-eabi/lib/thumb/v7e-m+fp/hard/libc_nano.a(libc_a-memset.o)
                0x0800339a                memset
 *fill*         0x080033aa        0x2 
 .text.__libc_init_array
                0x080033ac       0x48 /usr/lib/gcc/arm-none-eabi/14.1.0/../../../../arm-none-eabi/lib/thumb/v7e-m+fp/hard/libc_nano.a(libc_a-init.o)
                0x080033ac                __libc_init_array
 *(.glue_7)
 .glue_7        0x080033f4        0x0 linker stubs
 *(.glue_7t)
 .glue_7t       0x080033f4        0x0 linker stubs
 *(.eh_frame)
 .eh_frame      0x080033f4        0x0 /usr/lib/gcc/arm-none-eabi/14.1.0/thumb/v7e-m+fp/hard/crtbegin.o
 *(.init)
 .init          0x080033f4        0x4 /usr/lib/gcc/arm-none-eabi/14.1.0/thumb/v7e-m+fp/hard/crti.o
                0x080033f4                _init
 .init          0x080033f8        0x8 /usr/lib/gcc/arm-none-eabi/14.1.0/thumb/v7e-m+fp/hard/crtn.o
 *(.fini)
 .fini          0x08003400        0x4 /usr/lib/gcc/arm-none-eabi/14.1.0/thumb/v7e-m+fp/hard/crti.o
                0x08003400                _fini
 .fini          0x08003404        0x8 /usr/lib/gcc/arm-none-eabi/14.1.0/thumb/v7e-m+fp/hard/crtn.o
                0x08003410                        . = ALIGN (0x8)
 *fill*         0x0800340c        0x4 
                0x08003410                        _etext = .

.vfp11_veneer   0x08003410        0x0
 .vfp11_veneer  0x08003410        0x0 linker stubs

.v4_bx          0x08003410        0x0
 .v4_bx         0x08003410        0x0 linker stubs

.iplt           0x08003410        0x0
 .iplt          0x08003410        0x0 /usr/lib/gcc/arm-none-eabi/14.1.0/thumb/v7e-m+fp/hard/crtbegin.o

.rodata         0x08003410       0x90
                0x08003410                        . = ALIGN (0x8)
 *(.rodata)
 *(.rodata*)
 .rodata.main.str1.4
                0x08003410       0x1e build/debug/Core/Src/main.o
 *fill*         0x0800342e        0x2 
 .rodata.MSIRangeTable
                0x08003430       0x30 build/debug/Core/Src/system_stm32l4xx.o
                0x08003430                MSIRangeTable
 .rodata.APBPrescTable
                0x08003460        0x8 build/debug/Core/Src/system_stm32l4xx.o
                0x08003460                APBPrescTable
 .rodata.AHBPrescTable
                0x08003468       0x10 build/debug/Core/Src/system_stm32l4xx.o
                0x08003468                AHBPrescTable
 .rodata.UARTPrescTable
                0x08003478       0x18 build/debug/Drivers/STM32L4xx_HAL_Driver/Src/stm32l4xx_hal_uart.o
                0x08003478                UARTPrescTable
 .rodata.denominator.0
                0x08003490        0x8 build/debug/Drivers/STM32L4xx_HAL_Driver/Src/stm32l4xx_hal_uart_ex.o
 .rodata.numerator.1
                0x08003498        0x8 build/debug/Drivers/STM32L4xx_HAL_Driver/Src/stm32l4xx_hal_uart_ex.o
                0x080034a0                        . = ALIGN (0x8)

.ARM.extab      0x080034a0        0x0
                0x080034a0                        . = ALIGN (0x8)
 *(.ARM.extab* .gnu.linkonce.armextab.*)
                0x080034a0                        . = ALIGN (0x8)

.ARM            0x080034a0        0x8
                0x080034a0                        . = ALIGN (0x8)
                0x080034a0                        __exidx_start = .
 *(.ARM.exidx*)
 .ARM.exidx     0x080034a0        0x8 /usr/lib/gcc/arm-none-eabi/14.1.0/thumb/v7e-m+fp/hard/libgcc.a(_udivmoddi4.o)
                0x080034a8                        __exidx_end = .
                0x080034a8                        . = ALIGN (0x8)

.rel.dyn        0x080034a8        0x0
 .rel.iplt      0x080034a8        0x0 /usr/lib/gcc/arm-none-eabi/14.1.0/thumb/v7e-m+fp/hard/crtbegin.o

.preinit_array  0x080034a8        0x0
                0x080034a8                        . = ALIGN (0x8)
                0x080034a8                        PROVIDE (__preinit_array_start = .)
 *(.preinit_array*)
                0x080034a8                        PROVIDE (__preinit_array_end = .)
                0x080034a8                        . = ALIGN (0x8)

.init_array     0x080034a8        0x8
                0x080034a8                        . = ALIGN (0x8)
                0x080034a8                        PROVIDE (__init_array_start = .)
 *(SORT_BY_NAME(.init_array.*))
 *(.init_array*)
 .init_array    0x080034a8        0x4 /usr/lib/gcc/arm-none-eabi/14.1.0/thumb/v7e-m+fp/hard/crtbegin.o
                0x080034ac                        PROVIDE (__init_array_end = .)
                0x080034b0                        . = ALIGN (0x8)
 *fill*         0x080034ac        0x4 

.fini_array     0x080034b0        0x8
                0x080034b0                        . = ALIGN (0x8)
                0x080034b0                        PROVIDE (__fini_array_start = .)
 *(SORT_BY_NAME(.fini_array.*))
 *(.fini_array*)
 .fini_array    0x080034b0        0x4 /usr/lib/gcc/arm-none-eabi/14.1.0/thumb/v7e-m+fp/hard/crtbegin.o
                0x080034b4                        PROVIDE (__fini_array_end = .)
                0x080034b8                        . = ALIGN (0x8)
 *fill*         0x080034b4        0x4 
                0x080034b8                        _sidata = LOADADDR (.data)

.data           0x20000000       0x10 load address 0x080034b8
                0x20000000                        . = ALIGN (0x8)
                0x20000000                        _sdata = .
 *(.data)
 *(.data*)
 .data.SystemCoreClock
                0x20000000        0x4 build/debug/Core/Src/system_stm32l4xx.o
                0x20000000                SystemCoreClock
 .data.uwTickFreq
                0x20000004        0x1 build/debug/Drivers/STM32L4xx_HAL_Driver/Src/stm32l4xx_hal.o
                0x20000004                uwTickFreq
 *fill*         0x20000005        0x3 
 .data.uwTickPrio
                0x20000008        0x4 build/debug/Drivers/STM32L4xx_HAL_Driver/Src/stm32l4xx_hal.o
                0x20000008                uwTickPrio
                0x20000010                        . = ALIGN (0x8)
 *fill*         0x2000000c        0x4 
                0x20000010                        _edata = .

.tm_clone_table
                0x20000010        0x0 load address 0x080034c8
 .tm_clone_table
                0x20000010        0x0 /usr/lib/gcc/arm-none-eabi/14.1.0/thumb/v7e-m+fp/hard/crtbegin.o
 .tm_clone_table
                0x20000010        0x0 /usr/lib/gcc/arm-none-eabi/14.1.0/thumb/v7e-m+fp/hard/crtend.o

.igot.plt       0x20000010        0x0 load address 0x080034c8
 .igot.plt      0x20000010        0x0 /usr/lib/gcc/arm-none-eabi/14.1.0/thumb/v7e-m+fp/hard/crtbegin.o
                0x20000010                        . = ALIGN (0x4)

.bss            0x20000010      0x62c load address 0x080034c8
                0x20000010                        _sbss = .
                0x20000010                        __bss_start__ = _sbss
 *(.bss)
 .bss           0x20000010       0x1c /usr/lib/gcc/arm-none-eabi/14.1.0/thumb/v7e-m+fp/hard/crtbegin.o
 *(.bss*)
 .bss.hpcd_USB_OTG_FS
                0x2000002c      0x4e4 build/debug/Core/Src/main.o
                0x2000002c                hpcd_USB_OTG_FS
 .bss.huart3    0x20000510       0x94 build/debug/Core/Src/main.o
                0x20000510                huart3
 .bss.hlpuart1  0x200005a4       0x94 build/debug/Core/Src/main.o
                0x200005a4                hlpuart1
 .bss.uwTick    0x20000638        0x4 build/debug/Drivers/STM32L4xx_HAL_Driver/Src/stm32l4xx_hal.o
                0x20000638                uwTick
 *(COMMON)
                0x2000063c                        . = ALIGN (0x4)
                0x2000063c                        _ebss = .
                0x2000063c                        __bss_end__ = _ebss

._user_heap_stack
                0x2000063c      0x604 load address 0x080034c8
                0x20000640                        . = ALIGN (0x8)
 *fill*         0x2000063c        0x4 
                [!provide]                        PROVIDE (end = .)
                0x20000640                        PROVIDE (_end = .)
                0x20000840                        . = (. + _Min_Heap_Size)
 *fill*         0x20000640      0x200 
                0x20000c40                        . = (. + _Min_Stack_Size)
 *fill*         0x20000840      0x400 
                0x20000c40                        . = ALIGN (0x8)

/DISCARD/
 libc.a(*)
 libm.a(*)
 libgcc.a(*)
OUTPUT(build/OriginalProgram.elf elf32-littlearm)
LOAD linker stubs
LOAD /usr/lib/gcc/arm-none-eabi/14.1.0/../../../../arm-none-eabi/lib/thumb/v7e-m+fp/hard/libc.a
LOAD /usr/lib/gcc/arm-none-eabi/14.1.0/../../../../arm-none-eabi/lib/thumb/v7e-m+fp/hard/libm.a
LOAD /usr/lib/gcc/arm-none-eabi/14.1.0/thumb/v7e-m+fp/hard/libgcc.a

.ARM.attributes
                0x00000000       0x30
 .ARM.attributes
                0x00000000       0x22 /usr/lib/gcc/arm-none-eabi/14.1.0/thumb/v7e-m+fp/hard/crti.o
 .ARM.attributes
                0x00000022       0x34 /usr/lib/gcc/arm-none-eabi/14.1.0/thumb/v7e-m+fp/hard/crtbegin.o
 .ARM.attributes
                0x00000056       0x34 build/debug/Core/Src/main.o
 .ARM.attributes
                0x0000008a       0x34 build/debug/Core/Src/myBootLoader.o
 .ARM.attributes
                0x000000be       0x34 build/debug/Core/Src/stm32l4xx_hal_msp.o
 .ARM.attributes
                0x000000f2       0x34 build/debug/Core/Src/stm32l4xx_it.o
 .ARM.attributes
                0x00000126       0x34 build/debug/Core/Src/system_stm32l4xx.o
 .ARM.attributes
                0x0000015a       0x34 build/debug/Drivers/STM32L4xx_HAL_Driver/Src/stm32l4xx_hal.o
 .ARM.attributes
                0x0000018e       0x34 build/debug/Drivers/STM32L4xx_HAL_Driver/Src/stm32l4xx_hal_cortex.o
 .ARM.attributes
                0x000001c2       0x34 build/debug/Drivers/STM32L4xx_HAL_Driver/Src/stm32l4xx_hal_gpio.o
 .ARM.attributes
                0x000001f6       0x34 build/debug/Drivers/STM32L4xx_HAL_Driver/Src/stm32l4xx_hal_pcd.o
 .ARM.attributes
                0x0000022a       0x34 build/debug/Drivers/STM32L4xx_HAL_Driver/Src/stm32l4xx_hal_pcd_ex.o
 .ARM.attributes
                0x0000025e       0x34 build/debug/Drivers/STM32L4xx_HAL_Driver/Src/stm32l4xx_hal_pwr_ex.o
 .ARM.attributes
                0x00000292       0x34 build/debug/Drivers/STM32L4xx_HAL_Driver/Src/stm32l4xx_hal_rcc.o
 .ARM.attributes
                0x000002c6       0x34 build/debug/Drivers/STM32L4xx_HAL_Driver/Src/stm32l4xx_hal_rcc_ex.o
 .ARM.attributes
                0x000002fa       0x34 build/debug/Drivers/STM32L4xx_HAL_Driver/Src/stm32l4xx_hal_uart.o
 .ARM.attributes
                0x0000032e       0x34 build/debug/Drivers/STM32L4xx_HAL_Driver/Src/stm32l4xx_hal_uart_ex.o
 .ARM.attributes
                0x00000362       0x34 build/debug/Drivers/STM32L4xx_HAL_Driver/Src/stm32l4xx_ll_usb.o
 .ARM.attributes
                0x00000396       0x21 build/debug/startup_stm32l4r5xx.o
 .ARM.attributes
                0x000003b7       0x34 /usr/lib/gcc/arm-none-eabi/14.1.0/../../../../arm-none-eabi/lib/thumb/v7e-m+fp/hard/libc_nano.a(libc_a-memset.o)
 .ARM.attributes
                0x000003eb       0x34 /usr/lib/gcc/arm-none-eabi/14.1.0/../../../../arm-none-eabi/lib/thumb/v7e-m+fp/hard/libc_nano.a(libc_a-init.o)
 .ARM.attributes
                0x0000041f       0x22 /usr/lib/gcc/arm-none-eabi/14.1.0/thumb/v7e-m+fp/hard/libgcc.a(_aeabi_uldivmod.o)
 .ARM.attributes
                0x00000441       0x34 /usr/lib/gcc/arm-none-eabi/14.1.0/thumb/v7e-m+fp/hard/libgcc.a(_udivmoddi4.o)
 .ARM.attributes
                0x00000475       0x22 /usr/lib/gcc/arm-none-eabi/14.1.0/thumb/v7e-m+fp/hard/libgcc.a(_dvmd_tls.o)
 .ARM.attributes
                0x00000497       0x34 /usr/lib/gcc/arm-none-eabi/14.1.0/thumb/v7e-m+fp/hard/crtend.o
 .ARM.attributes
                0x000004cb       0x22 /usr/lib/gcc/arm-none-eabi/14.1.0/thumb/v7e-m+fp/hard/crtn.o

.comment        0x00000000       0x46
 .comment       0x00000000       0x46 /usr/lib/gcc/arm-none-eabi/14.1.0/thumb/v7e-m+fp/hard/crtbegin.o
                                 0x24 (size before relaxing)
 .comment       0x00000046       0x24 build/debug/Core/Src/main.o
 .comment       0x00000046       0x24 build/debug/Core/Src/myBootLoader.o
 .comment       0x00000046       0x24 build/debug/Core/Src/stm32l4xx_hal_msp.o
 .comment       0x00000046       0x24 build/debug/Core/Src/stm32l4xx_it.o
 .comment       0x00000046       0x24 build/debug/Core/Src/system_stm32l4xx.o
 .comment       0x00000046       0x24 build/debug/Drivers/STM32L4xx_HAL_Driver/Src/stm32l4xx_hal.o
 .comment       0x00000046       0x24 build/debug/Drivers/STM32L4xx_HAL_Driver/Src/stm32l4xx_hal_cortex.o
 .comment       0x00000046       0x24 build/debug/Drivers/STM32L4xx_HAL_Driver/Src/stm32l4xx_hal_gpio.o
 .comment       0x00000046       0x24 build/debug/Drivers/STM32L4xx_HAL_Driver/Src/stm32l4xx_hal_pcd.o
 .comment       0x00000046       0x24 build/debug/Drivers/STM32L4xx_HAL_Driver/Src/stm32l4xx_hal_pcd_ex.o
 .comment       0x00000046       0x24 build/debug/Drivers/STM32L4xx_HAL_Driver/Src/stm32l4xx_hal_pwr_ex.o
 .comment       0x00000046       0x24 build/debug/Drivers/STM32L4xx_HAL_Driver/Src/stm32l4xx_hal_rcc.o
 .comment       0x00000046       0x24 build/debug/Drivers/STM32L4xx_HAL_Driver/Src/stm32l4xx_hal_rcc_ex.o
 .comment       0x00000046       0x24 build/debug/Drivers/STM32L4xx_HAL_Driver/Src/stm32l4xx_hal_uart.o
 .comment       0x00000046       0x24 build/debug/Drivers/STM32L4xx_HAL_Driver/Src/stm32l4xx_hal_uart_ex.o
 .comment       0x00000046       0x24 build/debug/Drivers/STM32L4xx_HAL_Driver/Src/stm32l4xx_ll_usb.o
 .comment       0x00000046       0x24 /usr/lib/gcc/arm-none-eabi/14.1.0/../../../../arm-none-eabi/lib/thumb/v7e-m+fp/hard/libc_nano.a(libc_a-memset.o)
 .comment       0x00000046       0x24 /usr/lib/gcc/arm-none-eabi/14.1.0/../../../../arm-none-eabi/lib/thumb/v7e-m+fp/hard/libc_nano.a(libc_a-init.o)
 .comment       0x00000046       0x24 /usr/lib/gcc/arm-none-eabi/14.1.0/thumb/v7e-m+fp/hard/libgcc.a(_udivmoddi4.o)
 .comment       0x00000046       0x24 /usr/lib/gcc/arm-none-eabi/14.1.0/thumb/v7e-m+fp/hard/crtend.o

.debug_info     0x00000000    0x160cf
 .debug_info    0x00000000     0x18a2 build/debug/Core/Src/main.o
 .debug_info    0x000018a2     0x147b build/debug/Core/Src/myBootLoader.o
 .debug_info    0x00002d1d     0x16a4 build/debug/Core/Src/stm32l4xx_hal_msp.o
 .debug_info    0x000043c1      0x11d build/debug/Core/Src/stm32l4xx_it.o
 .debug_info    0x000044de      0x603 build/debug/Core/Src/system_stm32l4xx.o
 .debug_info    0x00004ae1      0xc04 build/debug/Drivers/STM32L4xx_HAL_Driver/Src/stm32l4xx_hal.o
 .debug_info    0x000056e5     0x1002 build/debug/Drivers/STM32L4xx_HAL_Driver/Src/stm32l4xx_hal_cortex.o
 .debug_info    0x000066e7      0x7b9 build/debug/Drivers/STM32L4xx_HAL_Driver/Src/stm32l4xx_hal_gpio.o
 .debug_info    0x00006ea0     0x1b4b build/debug/Drivers/STM32L4xx_HAL_Driver/Src/stm32l4xx_hal_pcd.o
 .debug_info    0x000089eb      0xa07 build/debug/Drivers/STM32L4xx_HAL_Driver/Src/stm32l4xx_hal_pcd_ex.o
 .debug_info    0x000093f2      0xab8 build/debug/Drivers/STM32L4xx_HAL_Driver/Src/stm32l4xx_hal_pwr_ex.o
 .debug_info    0x00009eaa      0xffa build/debug/Drivers/STM32L4xx_HAL_Driver/Src/stm32l4xx_hal_rcc.o
 .debug_info    0x0000aea4     0x15b2 build/debug/Drivers/STM32L4xx_HAL_Driver/Src/stm32l4xx_hal_rcc_ex.o
 .debug_info    0x0000c456     0x6261 build/debug/Drivers/STM32L4xx_HAL_Driver/Src/stm32l4xx_hal_uart.o
 .debug_info    0x000126b7     0x1284 build/debug/Drivers/STM32L4xx_HAL_Driver/Src/stm32l4xx_hal_uart_ex.o
 .debug_info    0x0001393b     0x1e24 build/debug/Drivers/STM32L4xx_HAL_Driver/Src/stm32l4xx_ll_usb.o
 .debug_info    0x0001575f       0x30 build/debug/startup_stm32l4r5xx.o
 .debug_info    0x0001578f       0xe0 /usr/lib/gcc/arm-none-eabi/14.1.0/../../../../arm-none-eabi/lib/thumb/v7e-m+fp/hard/libc_nano.a(libc_a-memset.o)
 .debug_info    0x0001586f      0x10b /usr/lib/gcc/arm-none-eabi/14.1.0/../../../../arm-none-eabi/lib/thumb/v7e-m+fp/hard/libc_nano.a(libc_a-init.o)
 .debug_info    0x0001597a       0x24 /usr/lib/gcc/arm-none-eabi/14.1.0/thumb/v7e-m+fp/hard/libgcc.a(_aeabi_uldivmod.o)
 .debug_info    0x0001599e      0x6f5 /usr/lib/gcc/arm-none-eabi/14.1.0/thumb/v7e-m+fp/hard/libgcc.a(_udivmoddi4.o)
 .debug_info    0x00016093       0x3c /usr/lib/gcc/arm-none-eabi/14.1.0/thumb/v7e-m+fp/hard/libgcc.a(_dvmd_tls.o)

.debug_abbrev   0x00000000     0x2baf
 .debug_abbrev  0x00000000      0x33c build/debug/Core/Src/main.o
 .debug_abbrev  0x0000033c      0x269 build/debug/Core/Src/myBootLoader.o
 .debug_abbrev  0x000005a5      0x28b build/debug/Core/Src/stm32l4xx_hal_msp.o
 .debug_abbrev  0x00000830       0x7c build/debug/Core/Src/stm32l4xx_it.o
 .debug_abbrev  0x000008ac      0x11e build/debug/Core/Src/system_stm32l4xx.o
 .debug_abbrev  0x000009ca      0x267 build/debug/Drivers/STM32L4xx_HAL_Driver/Src/stm32l4xx_hal.o
 .debug_abbrev  0x00000c31      0x390 build/debug/Drivers/STM32L4xx_HAL_Driver/Src/stm32l4xx_hal_cortex.o
 .debug_abbrev  0x00000fc1      0x1f9 build/debug/Drivers/STM32L4xx_HAL_Driver/Src/stm32l4xx_hal_gpio.o
 .debug_abbrev  0x000011ba      0x2f8 build/debug/Drivers/STM32L4xx_HAL_Driver/Src/stm32l4xx_hal_pcd.o
 .debug_abbrev  0x000014b2      0x2ad build/debug/Drivers/STM32L4xx_HAL_Driver/Src/stm32l4xx_hal_pcd_ex.o
 .debug_abbrev  0x0000175f      0x215 build/debug/Drivers/STM32L4xx_HAL_Driver/Src/stm32l4xx_hal_pwr_ex.o
 .debug_abbrev  0x00001974      0x2cc build/debug/Drivers/STM32L4xx_HAL_Driver/Src/stm32l4xx_hal_rcc.o
 .debug_abbrev  0x00001c40      0x2a8 build/debug/Drivers/STM32L4xx_HAL_Driver/Src/stm32l4xx_hal_rcc_ex.o
 .debug_abbrev  0x00001ee8      0x32e build/debug/Drivers/STM32L4xx_HAL_Driver/Src/stm32l4xx_hal_uart.o
 .debug_abbrev  0x00002216      0x343 build/debug/Drivers/STM32L4xx_HAL_Driver/Src/stm32l4xx_hal_uart_ex.o
 .debug_abbrev  0x00002559      0x327 build/debug/Drivers/STM32L4xx_HAL_Driver/Src/stm32l4xx_ll_usb.o
 .debug_abbrev  0x00002880       0x24 build/debug/startup_stm32l4r5xx.o
 .debug_abbrev  0x000028a4       0x9e /usr/lib/gcc/arm-none-eabi/14.1.0/../../../../arm-none-eabi/lib/thumb/v7e-m+fp/hard/libc_nano.a(libc_a-memset.o)
 .debug_abbrev  0x00002942       0xc9 /usr/lib/gcc/arm-none-eabi/14.1.0/../../../../arm-none-eabi/lib/thumb/v7e-m+fp/hard/libc_nano.a(libc_a-init.o)
 .debug_abbrev  0x00002a0b       0x14 /usr/lib/gcc/arm-none-eabi/14.1.0/thumb/v7e-m+fp/hard/libgcc.a(_aeabi_uldivmod.o)
 .debug_abbrev  0x00002a1f      0x16a /usr/lib/gcc/arm-none-eabi/14.1.0/thumb/v7e-m+fp/hard/libgcc.a(_udivmoddi4.o)
 .debug_abbrev  0x00002b89       0x26 /usr/lib/gcc/arm-none-eabi/14.1.0/thumb/v7e-m+fp/hard/libgcc.a(_dvmd_tls.o)

.debug_loclists
                0x00000000     0xa31c
 .debug_loclists
                0x00000000       0x31 build/debug/Core/Src/main.o
 .debug_loclists
                0x00000031       0xbf build/debug/Core/Src/myBootLoader.o
 .debug_loclists
                0x000000f0       0xe0 build/debug/Core/Src/stm32l4xx_hal_msp.o
 .debug_loclists
                0x000001d0       0xb1 build/debug/Core/Src/system_stm32l4xx.o
 .debug_loclists
                0x00000281      0x14d build/debug/Drivers/STM32L4xx_HAL_Driver/Src/stm32l4xx_hal.o
 .debug_loclists
                0x000003ce      0x54d build/debug/Drivers/STM32L4xx_HAL_Driver/Src/stm32l4xx_hal_cortex.o
 .debug_loclists
                0x0000091b      0x291 build/debug/Drivers/STM32L4xx_HAL_Driver/Src/stm32l4xx_hal_gpio.o
 .debug_loclists
                0x00000bac      0xcca build/debug/Drivers/STM32L4xx_HAL_Driver/Src/stm32l4xx_hal_pcd.o
 .debug_loclists
                0x00001876      0x18e build/debug/Drivers/STM32L4xx_HAL_Driver/Src/stm32l4xx_hal_pcd_ex.o
 .debug_loclists
                0x00001a04      0x84c build/debug/Drivers/STM32L4xx_HAL_Driver/Src/stm32l4xx_hal_pwr_ex.o
 .debug_loclists
                0x00002250      0x67a build/debug/Drivers/STM32L4xx_HAL_Driver/Src/stm32l4xx_hal_rcc.o
 .debug_loclists
                0x000028ca     0x17d2 build/debug/Drivers/STM32L4xx_HAL_Driver/Src/stm32l4xx_hal_rcc_ex.o
 .debug_loclists
                0x0000409c     0x3770 build/debug/Drivers/STM32L4xx_HAL_Driver/Src/stm32l4xx_hal_uart.o
 .debug_loclists
                0x0000780c      0x835 build/debug/Drivers/STM32L4xx_HAL_Driver/Src/stm32l4xx_hal_uart_ex.o
 .debug_loclists
                0x00008041     0x176f build/debug/Drivers/STM32L4xx_HAL_Driver/Src/stm32l4xx_ll_usb.o
 .debug_loclists
                0x000097b0       0x4d /usr/lib/gcc/arm-none-eabi/14.1.0/../../../../arm-none-eabi/lib/thumb/v7e-m+fp/hard/libc_nano.a(libc_a-memset.o)
 .debug_loclists
                0x000097fd       0x54 /usr/lib/gcc/arm-none-eabi/14.1.0/../../../../arm-none-eabi/lib/thumb/v7e-m+fp/hard/libc_nano.a(libc_a-init.o)
 .debug_loclists
                0x00009851      0xacb /usr/lib/gcc/arm-none-eabi/14.1.0/thumb/v7e-m+fp/hard/libgcc.a(_udivmoddi4.o)

.debug_aranges  0x00000000      0xdc0
 .debug_aranges
                0x00000000       0x50 build/debug/Core/Src/main.o
 .debug_aranges
                0x00000050       0x28 build/debug/Core/Src/myBootLoader.o
 .debug_aranges
                0x00000078       0x40 build/debug/Core/Src/stm32l4xx_hal_msp.o
 .debug_aranges
                0x000000b8       0x60 build/debug/Core/Src/stm32l4xx_it.o
 .debug_aranges
                0x00000118       0x28 build/debug/Core/Src/system_stm32l4xx.o
 .debug_aranges
                0x00000140      0x130 build/debug/Drivers/STM32L4xx_HAL_Driver/Src/stm32l4xx_hal.o
 .debug_aranges
                0x00000270       0xf0 build/debug/Drivers/STM32L4xx_HAL_Driver/Src/stm32l4xx_hal_cortex.o
 .debug_aranges
                0x00000360       0x58 build/debug/Drivers/STM32L4xx_HAL_Driver/Src/stm32l4xx_hal_gpio.o
 .debug_aranges
                0x000003b8      0x138 build/debug/Drivers/STM32L4xx_HAL_Driver/Src/stm32l4xx_hal_pcd.o
 .debug_aranges
                0x000004f0       0x60 build/debug/Drivers/STM32L4xx_HAL_Driver/Src/stm32l4xx_hal_pcd_ex.o
 .debug_aranges
                0x00000550      0x170 build/debug/Drivers/STM32L4xx_HAL_Driver/Src/stm32l4xx_hal_pwr_ex.o
 .debug_aranges
                0x000006c0       0x98 build/debug/Drivers/STM32L4xx_HAL_Driver/Src/stm32l4xx_hal_rcc.o
 .debug_aranges
                0x00000758      0x110 build/debug/Drivers/STM32L4xx_HAL_Driver/Src/stm32l4xx_hal_rcc_ex.o
 .debug_aranges
                0x00000868      0x248 build/debug/Drivers/STM32L4xx_HAL_Driver/Src/stm32l4xx_hal_uart.o
 .debug_aranges
                0x00000ab0       0xa8 build/debug/Drivers/STM32L4xx_HAL_Driver/Src/stm32l4xx_hal_uart_ex.o
 .debug_aranges
                0x00000b58      0x1a0 build/debug/Drivers/STM32L4xx_HAL_Driver/Src/stm32l4xx_ll_usb.o
 .debug_aranges
                0x00000cf8       0x28 build/debug/startup_stm32l4r5xx.o
 .debug_aranges
                0x00000d20       0x20 /usr/lib/gcc/arm-none-eabi/14.1.0/../../../../arm-none-eabi/lib/thumb/v7e-m+fp/hard/libc_nano.a(libc_a-memset.o)
 .debug_aranges
                0x00000d40       0x20 /usr/lib/gcc/arm-none-eabi/14.1.0/../../../../arm-none-eabi/lib/thumb/v7e-m+fp/hard/libc_nano.a(libc_a-init.o)
 .debug_aranges
                0x00000d60       0x20 /usr/lib/gcc/arm-none-eabi/14.1.0/thumb/v7e-m+fp/hard/libgcc.a(_aeabi_uldivmod.o)
 .debug_aranges
                0x00000d80       0x20 /usr/lib/gcc/arm-none-eabi/14.1.0/thumb/v7e-m+fp/hard/libgcc.a(_udivmoddi4.o)
 .debug_aranges
                0x00000da0       0x20 /usr/lib/gcc/arm-none-eabi/14.1.0/thumb/v7e-m+fp/hard/libgcc.a(_dvmd_tls.o)

.debug_rnglists
                0x00000000      0xaaa
 .debug_rnglists
                0x00000000       0x38 build/debug/Core/Src/main.o
 .debug_rnglists
                0x00000038       0x1a build/debug/Core/Src/myBootLoader.o
 .debug_rnglists
                0x00000052       0x2d build/debug/Core/Src/stm32l4xx_hal_msp.o
 .debug_rnglists
                0x0000007f       0x43 build/debug/Core/Src/stm32l4xx_it.o
 .debug_rnglists
                0x000000c2       0x1a build/debug/Core/Src/system_stm32l4xx.o
 .debug_rnglists
                0x000000dc       0xdf build/debug/Drivers/STM32L4xx_HAL_Driver/Src/stm32l4xx_hal.o
 .debug_rnglists
                0x000001bb       0xaf build/debug/Drivers/STM32L4xx_HAL_Driver/Src/stm32l4xx_hal_cortex.o
 .debug_rnglists
                0x0000026a       0x3f build/debug/Drivers/STM32L4xx_HAL_Driver/Src/stm32l4xx_hal_gpio.o
 .debug_rnglists
                0x000002a9       0xea build/debug/Drivers/STM32L4xx_HAL_Driver/Src/stm32l4xx_hal_pcd.o
 .debug_rnglists
                0x00000393       0x44 build/debug/Drivers/STM32L4xx_HAL_Driver/Src/stm32l4xx_hal_pcd_ex.o
 .debug_rnglists
                0x000003d7      0x115 build/debug/Drivers/STM32L4xx_HAL_Driver/Src/stm32l4xx_hal_pwr_ex.o
 .debug_rnglists
                0x000004ec       0x82 build/debug/Drivers/STM32L4xx_HAL_Driver/Src/stm32l4xx_hal_rcc.o
 .debug_rnglists
                0x0000056e       0xe1 build/debug/Drivers/STM32L4xx_HAL_Driver/Src/stm32l4xx_hal_rcc_ex.o
 .debug_rnglists
                0x0000064f      0x1cb build/debug/Drivers/STM32L4xx_HAL_Driver/Src/stm32l4xx_hal_uart.o
 .debug_rnglists
                0x0000081a       0x88 build/debug/Drivers/STM32L4xx_HAL_Driver/Src/stm32l4xx_hal_uart_ex.o
 .debug_rnglists
                0x000008a2      0x140 build/debug/Drivers/STM32L4xx_HAL_Driver/Src/stm32l4xx_ll_usb.o
 .debug_rnglists
                0x000009e2       0x19 build/debug/startup_stm32l4r5xx.o
 .debug_rnglists
                0x000009fb       0x13 /usr/lib/gcc/arm-none-eabi/14.1.0/../../../../arm-none-eabi/lib/thumb/v7e-m+fp/hard/libc_nano.a(libc_a-memset.o)
 .debug_rnglists
                0x00000a0e       0x13 /usr/lib/gcc/arm-none-eabi/14.1.0/../../../../arm-none-eabi/lib/thumb/v7e-m+fp/hard/libc_nano.a(libc_a-init.o)
 .debug_rnglists
                0x00000a21       0x89 /usr/lib/gcc/arm-none-eabi/14.1.0/thumb/v7e-m+fp/hard/libgcc.a(_udivmoddi4.o)

.debug_line     0x00000000     0xeece
 .debug_line    0x00000000      0x616 build/debug/Core/Src/main.o
 .debug_line    0x00000616      0x279 build/debug/Core/Src/myBootLoader.o
 .debug_line    0x0000088f      0x43f build/debug/Core/Src/stm32l4xx_hal_msp.o
 .debug_line    0x00000cce      0x13d build/debug/Core/Src/stm32l4xx_it.o
 .debug_line    0x00000e0b      0x238 build/debug/Core/Src/system_stm32l4xx.o
 .debug_line    0x00001043      0x648 build/debug/Drivers/STM32L4xx_HAL_Driver/Src/stm32l4xx_hal.o
 .debug_line    0x0000168b      0x7a7 build/debug/Drivers/STM32L4xx_HAL_Driver/Src/stm32l4xx_hal_cortex.o
 .debug_line    0x00001e32      0x67a build/debug/Drivers/STM32L4xx_HAL_Driver/Src/stm32l4xx_hal_gpio.o
 .debug_line    0x000024ac     0x1239 build/debug/Drivers/STM32L4xx_HAL_Driver/Src/stm32l4xx_hal_pcd.o
 .debug_line    0x000036e5      0x458 build/debug/Drivers/STM32L4xx_HAL_Driver/Src/stm32l4xx_hal_pcd_ex.o
 .debug_line    0x00003b3d      0xb2f build/debug/Drivers/STM32L4xx_HAL_Driver/Src/stm32l4xx_hal_pwr_ex.o
 .debug_line    0x0000466c     0x10b9 build/debug/Drivers/STM32L4xx_HAL_Driver/Src/stm32l4xx_hal_rcc.o
 .debug_line    0x00005725     0x1b46 build/debug/Drivers/STM32L4xx_HAL_Driver/Src/stm32l4xx_hal_rcc_ex.o
 .debug_line    0x0000726b     0x4e43 build/debug/Drivers/STM32L4xx_HAL_Driver/Src/stm32l4xx_hal_uart.o
 .debug_line    0x0000c0ae      0xa39 build/debug/Drivers/STM32L4xx_HAL_Driver/Src/stm32l4xx_hal_uart_ex.o
 .debug_line    0x0000cae7     0x1ac9 build/debug/Drivers/STM32L4xx_HAL_Driver/Src/stm32l4xx_ll_usb.o
 .debug_line    0x0000e5b0       0x76 build/debug/startup_stm32l4r5xx.o
 .debug_line    0x0000e626      0x12d /usr/lib/gcc/arm-none-eabi/14.1.0/../../../../arm-none-eabi/lib/thumb/v7e-m+fp/hard/libc_nano.a(libc_a-memset.o)
 .debug_line    0x0000e753       0xff /usr/lib/gcc/arm-none-eabi/14.1.0/../../../../arm-none-eabi/lib/thumb/v7e-m+fp/hard/libc_nano.a(libc_a-init.o)
 .debug_line    0x0000e852       0x4e /usr/lib/gcc/arm-none-eabi/14.1.0/thumb/v7e-m+fp/hard/libgcc.a(_aeabi_uldivmod.o)
 .debug_line    0x0000e8a0      0x5e4 /usr/lib/gcc/arm-none-eabi/14.1.0/thumb/v7e-m+fp/hard/libgcc.a(_udivmoddi4.o)
 .debug_line    0x0000ee84       0x4a /usr/lib/gcc/arm-none-eabi/14.1.0/thumb/v7e-m+fp/hard/libgcc.a(_dvmd_tls.o)

.debug_str      0x00000000     0x52a5
 .debug_str     0x00000000     0x52a5 build/debug/Core/Src/main.o
                               0x1043 (size before relaxing)
 .debug_str     0x000052a5      0xdac build/debug/Core/Src/myBootLoader.o
 .debug_str     0x000052a5     0x108e build/debug/Core/Src/stm32l4xx_hal_msp.o
 .debug_str     0x000052a5      0x20a build/debug/Core/Src/stm32l4xx_it.o
 .debug_str     0x000052a5      0x3d3 build/debug/Core/Src/system_stm32l4xx.o
 .debug_str     0x000052a5      0xd2f build/debug/Drivers/STM32L4xx_HAL_Driver/Src/stm32l4xx_hal.o
 .debug_str     0x000052a5      0xc64 build/debug/Drivers/STM32L4xx_HAL_Driver/Src/stm32l4xx_hal_cortex.o
 .debug_str     0x000052a5      0x53b build/debug/Drivers/STM32L4xx_HAL_Driver/Src/stm32l4xx_hal_gpio.o
 .debug_str     0x000052a5      0xde7 build/debug/Drivers/STM32L4xx_HAL_Driver/Src/stm32l4xx_hal_pcd.o
 .debug_str     0x000052a5      0x803 build/debug/Drivers/STM32L4xx_HAL_Driver/Src/stm32l4xx_hal_pcd_ex.o
 .debug_str     0x000052a5      0x891 build/debug/Drivers/STM32L4xx_HAL_Driver/Src/stm32l4xx_hal_pwr_ex.o
 .debug_str     0x000052a5      0x8c3 build/debug/Drivers/STM32L4xx_HAL_Driver/Src/stm32l4xx_hal_rcc.o
 .debug_str     0x000052a5      0xd2a build/debug/Drivers/STM32L4xx_HAL_Driver/Src/stm32l4xx_hal_rcc_ex.o
 .debug_str     0x000052a5     0x121f build/debug/Drivers/STM32L4xx_HAL_Driver/Src/stm32l4xx_hal_uart.o
 .debug_str     0x000052a5      0xb65 build/debug/Drivers/STM32L4xx_HAL_Driver/Src/stm32l4xx_hal_uart_ex.o
 .debug_str     0x000052a5      0xd0d build/debug/Drivers/STM32L4xx_HAL_Driver/Src/stm32l4xx_ll_usb.o
 .debug_str     0x000052a5       0x60 build/debug/startup_stm32l4r5xx.o
 .debug_str     0x000052a5      0x1df /usr/lib/gcc/arm-none-eabi/14.1.0/../../../../arm-none-eabi/lib/thumb/v7e-m+fp/hard/libc_nano.a(libc_a-memset.o)
 .debug_str     0x000052a5      0x240 /usr/lib/gcc/arm-none-eabi/14.1.0/../../../../arm-none-eabi/lib/thumb/v7e-m+fp/hard/libc_nano.a(libc_a-init.o)
 .debug_str     0x000052a5       0xd2 /usr/lib/gcc/arm-none-eabi/14.1.0/thumb/v7e-m+fp/hard/libgcc.a(_aeabi_uldivmod.o)
 .debug_str     0x000052a5      0x6ab /usr/lib/gcc/arm-none-eabi/14.1.0/thumb/v7e-m+fp/hard/libgcc.a(_udivmoddi4.o)
 .debug_str     0x000052a5       0xf2 /usr/lib/gcc/arm-none-eabi/14.1.0/thumb/v7e-m+fp/hard/libgcc.a(_dvmd_tls.o)

.debug_frame    0x00000000     0x209c
 .debug_frame   0x00000000       0xc8 build/debug/Core/Src/main.o
 .debug_frame   0x000000c8       0x44 build/debug/Core/Src/myBootLoader.o
 .debug_frame   0x0000010c       0xac build/debug/Core/Src/stm32l4xx_hal_msp.o
 .debug_frame   0x000001b8       0xa8 build/debug/Core/Src/stm32l4xx_it.o
 .debug_frame   0x00000260       0x30 build/debug/Core/Src/system_stm32l4xx.o
 .debug_frame   0x00000290      0x274 build/debug/Drivers/STM32L4xx_HAL_Driver/Src/stm32l4xx_hal.o
 .debug_frame   0x00000504      0x204 build/debug/Drivers/STM32L4xx_HAL_Driver/Src/stm32l4xx_hal_cortex.o
 .debug_frame   0x00000708       0xd0 build/debug/Drivers/STM32L4xx_HAL_Driver/Src/stm32l4xx_hal_gpio.o
 .debug_frame   0x000007d8      0x35c build/debug/Drivers/STM32L4xx_HAL_Driver/Src/stm32l4xx_hal_pcd.o
 .debug_frame   0x00000b34       0xb8 build/debug/Drivers/STM32L4xx_HAL_Driver/Src/stm32l4xx_hal_pcd_ex.o
 .debug_frame   0x00000bec      0x2d8 build/debug/Drivers/STM32L4xx_HAL_Driver/Src/stm32l4xx_hal_pwr_ex.o
 .debug_frame   0x00000ec4      0x1b4 build/debug/Drivers/STM32L4xx_HAL_Driver/Src/stm32l4xx_hal_rcc.o
 .debug_frame   0x00001078      0x2ac build/debug/Drivers/STM32L4xx_HAL_Driver/Src/stm32l4xx_hal_rcc_ex.o
 .debug_frame   0x00001324      0x67c build/debug/Drivers/STM32L4xx_HAL_Driver/Src/stm32l4xx_hal_uart.o
 .debug_frame   0x000019a0      0x1d8 build/debug/Drivers/STM32L4xx_HAL_Driver/Src/stm32l4xx_hal_uart_ex.o
 .debug_frame   0x00001b78      0x478 build/debug/Drivers/STM32L4xx_HAL_Driver/Src/stm32l4xx_ll_usb.o
 .debug_frame   0x00001ff0       0x20 /usr/lib/gcc/arm-none-eabi/14.1.0/../../../../arm-none-eabi/lib/thumb/v7e-m+fp/hard/libc_nano.a(libc_a-memset.o)
 .debug_frame   0x00002010       0x2c /usr/lib/gcc/arm-none-eabi/14.1.0/../../../../arm-none-eabi/lib/thumb/v7e-m+fp/hard/libc_nano.a(libc_a-init.o)
 .debug_frame   0x0000203c       0x2c /usr/lib/gcc/arm-none-eabi/14.1.0/thumb/v7e-m+fp/hard/libgcc.a(_aeabi_uldivmod.o)
 .debug_frame   0x00002068       0x34 /usr/lib/gcc/arm-none-eabi/14.1.0/thumb/v7e-m+fp/hard/libgcc.a(_udivmoddi4.o)

.debug_line_str
                0x00000000      0x118
 .debug_line_str
                0x00000000      0x118 build/debug/startup_stm32l4r5xx.o
                                 0x46 (size before relaxing)
 .debug_line_str
                0x00000118       0xc6 /usr/lib/gcc/arm-none-eabi/14.1.0/thumb/v7e-m+fp/hard/libgcc.a(_aeabi_uldivmod.o)
 .debug_line_str
                0x00000118       0xca /usr/lib/gcc/arm-none-eabi/14.1.0/thumb/v7e-m+fp/hard/libgcc.a(_dvmd_tls.o)

Cross Reference Table

Symbol                                            File
ADC1_IRQHandler                                   build/debug/startup_stm32l4r5xx.o
AHBPrescTable                                     build/debug/Core/Src/system_stm32l4xx.o
                                                  build/debug/Drivers/STM32L4xx_HAL_Driver/Src/stm32l4xx_hal_rcc.o
APBPrescTable                                     build/debug/Core/Src/system_stm32l4xx.o
                                                  build/debug/Drivers/STM32L4xx_HAL_Driver/Src/stm32l4xx_hal_rcc.o
BusFault_Handler                                  build/debug/Core/Src/stm32l4xx_it.o
CAN1_RX0_IRQHandler                               build/debug/startup_stm32l4r5xx.o
CAN1_RX1_IRQHandler                               build/debug/startup_stm32l4r5xx.o
CAN1_SCE_IRQHandler                               build/debug/startup_stm32l4r5xx.o
CAN1_TX_IRQHandler                                build/debug/startup_stm32l4r5xx.o
COMP_IRQHandler                                   build/debug/startup_stm32l4r5xx.o
CRS_IRQHandler                                    build/debug/startup_stm32l4r5xx.o
DCMI_IRQHandler                                   build/debug/startup_stm32l4r5xx.o
DFSDM1_FLT0_IRQHandler                            build/debug/startup_stm32l4r5xx.o
DFSDM1_FLT1_IRQHandler                            build/debug/startup_stm32l4r5xx.o
DFSDM1_FLT2_IRQHandler                            build/debug/startup_stm32l4r5xx.o
DFSDM1_FLT3_IRQHandler                            build/debug/startup_stm32l4r5xx.o
DMA1_Channel1_IRQHandler                          build/debug/startup_stm32l4r5xx.o
DMA1_Channel2_IRQHandler                          build/debug/startup_stm32l4r5xx.o
DMA1_Channel3_IRQHandler                          build/debug/startup_stm32l4r5xx.o
DMA1_Channel4_IRQHandler                          build/debug/startup_stm32l4r5xx.o
DMA1_Channel5_IRQHandler                          build/debug/startup_stm32l4r5xx.o
DMA1_Channel6_IRQHandler                          build/debug/startup_stm32l4r5xx.o
DMA1_Channel7_IRQHandler                          build/debug/startup_stm32l4r5xx.o
DMA2D_IRQHandler                                  build/debug/startup_stm32l4r5xx.o
DMA2_Channel1_IRQHandler                          build/debug/startup_stm32l4r5xx.o
DMA2_Channel2_IRQHandler                          build/debug/startup_stm32l4r5xx.o
DMA2_Channel3_IRQHandler                          build/debug/startup_stm32l4r5xx.o
DMA2_Channel4_IRQHandler                          build/debug/startup_stm32l4r5xx.o
DMA2_Channel5_IRQHandler                          build/debug/startup_stm32l4r5xx.o
DMA2_Channel6_IRQHandler                          build/debug/startup_stm32l4r5xx.o
DMA2_Channel7_IRQHandler                          build/debug/startup_stm32l4r5xx.o
DMAMUX1_OVR_IRQHandler                            build/debug/startup_stm32l4r5xx.o
DebugMon_Handler                                  build/debug/Core/Src/stm32l4xx_it.o
Default_Handler                                   build/debug/startup_stm32l4r5xx.o
EXTI0_IRQHandler                                  build/debug/startup_stm32l4r5xx.o
EXTI15_10_IRQHandler                              build/debug/startup_stm32l4r5xx.o
EXTI1_IRQHandler                                  build/debug/startup_stm32l4r5xx.o
EXTI2_IRQHandler                                  build/debug/startup_stm32l4r5xx.o
EXTI3_IRQHandler                                  build/debug/startup_stm32l4r5xx.o
EXTI4_IRQHandler                                  build/debug/startup_stm32l4r5xx.o
EXTI9_5_IRQHandler                                build/debug/startup_stm32l4r5xx.o
Error_Handler                                     build/debug/Core/Src/main.o
                                                  build/debug/Core/Src/stm32l4xx_hal_msp.o
FLASH_FlushCaches                                 build/debug/Drivers/STM32L4xx_HAL_Driver/Src/stm32l4xx_hal_flash_ex.o
                                                  build/debug/Drivers/STM32L4xx_HAL_Driver/Src/stm32l4xx_hal_flash.o
FLASH_IRQHandler                                  build/debug/startup_stm32l4r5xx.o
FLASH_PageErase                                   build/debug/Drivers/STM32L4xx_HAL_Driver/Src/stm32l4xx_hal_flash_ex.o
                                                  build/debug/Drivers/STM32L4xx_HAL_Driver/Src/stm32l4xx_hal_flash.o
FLASH_WaitForLastOperation                        build/debug/Drivers/STM32L4xx_HAL_Driver/Src/stm32l4xx_hal_flash.o
                                                  build/debug/Drivers/STM32L4xx_HAL_Driver/Src/stm32l4xx_hal_flash_ex.o
FMC_IRQHandler                                    build/debug/startup_stm32l4r5xx.o
FPU_IRQHandler                                    build/debug/startup_stm32l4r5xx.o
GFXMMU_IRQHandler                                 build/debug/startup_stm32l4r5xx.o
HAL_DBGMCU_DisableDBGSleepMode                    build/debug/Drivers/STM32L4xx_HAL_Driver/Src/stm32l4xx_hal.o
HAL_DBGMCU_DisableDBGStandbyMode                  build/debug/Drivers/STM32L4xx_HAL_Driver/Src/stm32l4xx_hal.o
HAL_DBGMCU_DisableDBGStopMode                     build/debug/Drivers/STM32L4xx_HAL_Driver/Src/stm32l4xx_hal.o
HAL_DBGMCU_EnableDBGSleepMode                     build/debug/Drivers/STM32L4xx_HAL_Driver/Src/stm32l4xx_hal.o
HAL_DBGMCU_EnableDBGStandbyMode                   build/debug/Drivers/STM32L4xx_HAL_Driver/Src/stm32l4xx_hal.o
HAL_DBGMCU_EnableDBGStopMode                      build/debug/Drivers/STM32L4xx_HAL_Driver/Src/stm32l4xx_hal.o
HAL_DMAEx_ConfigMuxRequestGenerator               build/debug/Drivers/STM32L4xx_HAL_Driver/Src/stm32l4xx_hal_dma_ex.o
HAL_DMAEx_ConfigMuxSync                           build/debug/Drivers/STM32L4xx_HAL_Driver/Src/stm32l4xx_hal_dma_ex.o
HAL_DMAEx_DisableMuxRequestGenerator              build/debug/Drivers/STM32L4xx_HAL_Driver/Src/stm32l4xx_hal_dma_ex.o
HAL_DMAEx_EnableMuxRequestGenerator               build/debug/Drivers/STM32L4xx_HAL_Driver/Src/stm32l4xx_hal_dma_ex.o
HAL_DMAEx_MUX_IRQHandler                          build/debug/Drivers/STM32L4xx_HAL_Driver/Src/stm32l4xx_hal_dma_ex.o
HAL_DMA_Abort                                     build/debug/Drivers/STM32L4xx_HAL_Driver/Src/stm32l4xx_hal_dma.o
                                                  build/debug/Drivers/STM32L4xx_HAL_Driver/Src/stm32l4xx_hal_uart.o
HAL_DMA_Abort_IT                                  build/debug/Drivers/STM32L4xx_HAL_Driver/Src/stm32l4xx_hal_dma.o
                                                  build/debug/Drivers/STM32L4xx_HAL_Driver/Src/stm32l4xx_hal_uart.o
HAL_DMA_DeInit                                    build/debug/Drivers/STM32L4xx_HAL_Driver/Src/stm32l4xx_hal_dma.o
HAL_DMA_GetError                                  build/debug/Drivers/STM32L4xx_HAL_Driver/Src/stm32l4xx_hal_dma.o
                                                  build/debug/Drivers/STM32L4xx_HAL_Driver/Src/stm32l4xx_hal_uart.o
HAL_DMA_GetState                                  build/debug/Drivers/STM32L4xx_HAL_Driver/Src/stm32l4xx_hal_dma.o
HAL_DMA_IRQHandler                                build/debug/Drivers/STM32L4xx_HAL_Driver/Src/stm32l4xx_hal_dma.o
HAL_DMA_Init                                      build/debug/Drivers/STM32L4xx_HAL_Driver/Src/stm32l4xx_hal_dma.o
HAL_DMA_PollForTransfer                           build/debug/Drivers/STM32L4xx_HAL_Driver/Src/stm32l4xx_hal_dma.o
HAL_DMA_RegisterCallback                          build/debug/Drivers/STM32L4xx_HAL_Driver/Src/stm32l4xx_hal_dma.o
HAL_DMA_Start                                     build/debug/Drivers/STM32L4xx_HAL_Driver/Src/stm32l4xx_hal_dma.o
HAL_DMA_Start_IT                                  build/debug/Drivers/STM32L4xx_HAL_Driver/Src/stm32l4xx_hal_dma.o
                                                  build/debug/Drivers/STM32L4xx_HAL_Driver/Src/stm32l4xx_hal_uart.o
HAL_DMA_UnRegisterCallback                        build/debug/Drivers/STM32L4xx_HAL_Driver/Src/stm32l4xx_hal_dma.o
HAL_DeInit                                        build/debug/Drivers/STM32L4xx_HAL_Driver/Src/stm32l4xx_hal.o
HAL_Delay                                         build/debug/Drivers/STM32L4xx_HAL_Driver/Src/stm32l4xx_hal.o
                                                  build/debug/Drivers/STM32L4xx_HAL_Driver/Src/stm32l4xx_ll_usb.o
                                                  build/debug/Drivers/STM32L4xx_HAL_Driver/Src/stm32l4xx_hal_pcd_ex.o
                                                  build/debug/Core/Src/main.o
HAL_EXTI_ClearConfigLine                          build/debug/Drivers/STM32L4xx_HAL_Driver/Src/stm32l4xx_hal_exti.o
HAL_EXTI_ClearPending                             build/debug/Drivers/STM32L4xx_HAL_Driver/Src/stm32l4xx_hal_exti.o
HAL_EXTI_GenerateSWI                              build/debug/Drivers/STM32L4xx_HAL_Driver/Src/stm32l4xx_hal_exti.o
HAL_EXTI_GetConfigLine                            build/debug/Drivers/STM32L4xx_HAL_Driver/Src/stm32l4xx_hal_exti.o
HAL_EXTI_GetHandle                                build/debug/Drivers/STM32L4xx_HAL_Driver/Src/stm32l4xx_hal_exti.o
HAL_EXTI_GetPending                               build/debug/Drivers/STM32L4xx_HAL_Driver/Src/stm32l4xx_hal_exti.o
HAL_EXTI_IRQHandler                               build/debug/Drivers/STM32L4xx_HAL_Driver/Src/stm32l4xx_hal_exti.o
HAL_EXTI_RegisterCallback                         build/debug/Drivers/STM32L4xx_HAL_Driver/Src/stm32l4xx_hal_exti.o
HAL_EXTI_SetConfigLine                            build/debug/Drivers/STM32L4xx_HAL_Driver/Src/stm32l4xx_hal_exti.o
HAL_FLASHEx_ConfigLVEPin                          build/debug/Drivers/STM32L4xx_HAL_Driver/Src/stm32l4xx_hal_flash_ex.o
HAL_FLASHEx_DisableRunPowerDown                   build/debug/Drivers/STM32L4xx_HAL_Driver/Src/stm32l4xx_hal_flash_ramfunc.o
HAL_FLASHEx_EnableRunPowerDown                    build/debug/Drivers/STM32L4xx_HAL_Driver/Src/stm32l4xx_hal_flash_ramfunc.o
HAL_FLASHEx_Erase                                 build/debug/Drivers/STM32L4xx_HAL_Driver/Src/stm32l4xx_hal_flash_ex.o
HAL_FLASHEx_Erase_IT                              build/debug/Drivers/STM32L4xx_HAL_Driver/Src/stm32l4xx_hal_flash_ex.o
HAL_FLASHEx_OBGetConfig                           build/debug/Drivers/STM32L4xx_HAL_Driver/Src/stm32l4xx_hal_flash_ex.o
HAL_FLASHEx_OBProgram                             build/debug/Drivers/STM32L4xx_HAL_Driver/Src/stm32l4xx_hal_flash_ex.o
HAL_FLASHEx_OB_DBankConfig                        build/debug/Drivers/STM32L4xx_HAL_Driver/Src/stm32l4xx_hal_flash_ramfunc.o
HAL_FLASH_EndOfOperationCallback                  build/debug/Drivers/STM32L4xx_HAL_Driver/Src/stm32l4xx_hal_flash.o
HAL_FLASH_GetError                                build/debug/Drivers/STM32L4xx_HAL_Driver/Src/stm32l4xx_hal_flash.o
HAL_FLASH_IRQHandler                              build/debug/Drivers/STM32L4xx_HAL_Driver/Src/stm32l4xx_hal_flash.o
HAL_FLASH_Lock                                    build/debug/Drivers/STM32L4xx_HAL_Driver/Src/stm32l4xx_hal_flash.o
HAL_FLASH_OB_Launch                               build/debug/Drivers/STM32L4xx_HAL_Driver/Src/stm32l4xx_hal_flash.o
HAL_FLASH_OB_Lock                                 build/debug/Drivers/STM32L4xx_HAL_Driver/Src/stm32l4xx_hal_flash.o
HAL_FLASH_OB_Unlock                               build/debug/Drivers/STM32L4xx_HAL_Driver/Src/stm32l4xx_hal_flash.o
HAL_FLASH_OperationErrorCallback                  build/debug/Drivers/STM32L4xx_HAL_Driver/Src/stm32l4xx_hal_flash.o
HAL_FLASH_Program                                 build/debug/Drivers/STM32L4xx_HAL_Driver/Src/stm32l4xx_hal_flash.o
HAL_FLASH_Program_IT                              build/debug/Drivers/STM32L4xx_HAL_Driver/Src/stm32l4xx_hal_flash.o
HAL_FLASH_Unlock                                  build/debug/Drivers/STM32L4xx_HAL_Driver/Src/stm32l4xx_hal_flash.o
HAL_GPIO_DeInit                                   build/debug/Drivers/STM32L4xx_HAL_Driver/Src/stm32l4xx_hal_gpio.o
                                                  build/debug/Core/Src/stm32l4xx_hal_msp.o
                                                  build/debug/Core/Src/myBootLoader.o
HAL_GPIO_EXTI_Callback                            build/debug/Drivers/STM32L4xx_HAL_Driver/Src/stm32l4xx_hal_gpio.o
HAL_GPIO_EXTI_IRQHandler                          build/debug/Drivers/STM32L4xx_HAL_Driver/Src/stm32l4xx_hal_gpio.o
HAL_GPIO_Init                                     build/debug/Drivers/STM32L4xx_HAL_Driver/Src/stm32l4xx_hal_gpio.o
                                                  build/debug/Drivers/STM32L4xx_HAL_Driver/Src/stm32l4xx_hal_rcc_ex.o
                                                  build/debug/Drivers/STM32L4xx_HAL_Driver/Src/stm32l4xx_hal_rcc.o
                                                  build/debug/Core/Src/stm32l4xx_hal_msp.o
                                                  build/debug/Core/Src/main.o
HAL_GPIO_LockPin                                  build/debug/Drivers/STM32L4xx_HAL_Driver/Src/stm32l4xx_hal_gpio.o
HAL_GPIO_ReadPin                                  build/debug/Drivers/STM32L4xx_HAL_Driver/Src/stm32l4xx_hal_gpio.o
HAL_GPIO_TogglePin                                build/debug/Drivers/STM32L4xx_HAL_Driver/Src/stm32l4xx_hal_gpio.o
                                                  build/debug/Core/Src/main.o
HAL_GPIO_WritePin                                 build/debug/Drivers/STM32L4xx_HAL_Driver/Src/stm32l4xx_hal_gpio.o
                                                  build/debug/Core/Src/main.o
HAL_GetDEVID                                      build/debug/Drivers/STM32L4xx_HAL_Driver/Src/stm32l4xx_hal.o
HAL_GetHalVersion                                 build/debug/Drivers/STM32L4xx_HAL_Driver/Src/stm32l4xx_hal.o
HAL_GetREVID                                      build/debug/Drivers/STM32L4xx_HAL_Driver/Src/stm32l4xx_hal.o
HAL_GetTick                                       build/debug/Drivers/STM32L4xx_HAL_Driver/Src/stm32l4xx_hal.o
                                                  build/debug/Drivers/STM32L4xx_HAL_Driver/Src/stm32l4xx_hal_uart_ex.o
                                                  build/debug/Drivers/STM32L4xx_HAL_Driver/Src/stm32l4xx_hal_uart.o
                                                  build/debug/Drivers/STM32L4xx_HAL_Driver/Src/stm32l4xx_hal_rcc_ex.o
                                                  build/debug/Drivers/STM32L4xx_HAL_Driver/Src/stm32l4xx_hal_rcc.o
                                                  build/debug/Drivers/STM32L4xx_HAL_Driver/Src/stm32l4xx_hal_pcd_ex.o
                                                  build/debug/Drivers/STM32L4xx_HAL_Driver/Src/stm32l4xx_hal_flash.o
                                                  build/debug/Drivers/STM32L4xx_HAL_Driver/Src/stm32l4xx_hal_dma.o
HAL_GetTickFreq                                   build/debug/Drivers/STM32L4xx_HAL_Driver/Src/stm32l4xx_hal.o
HAL_GetTickPrio                                   build/debug/Drivers/STM32L4xx_HAL_Driver/Src/stm32l4xx_hal.o
HAL_GetUIDw0                                      build/debug/Drivers/STM32L4xx_HAL_Driver/Src/stm32l4xx_hal.o
HAL_GetUIDw1                                      build/debug/Drivers/STM32L4xx_HAL_Driver/Src/stm32l4xx_hal.o
HAL_GetUIDw2                                      build/debug/Drivers/STM32L4xx_HAL_Driver/Src/stm32l4xx_hal.o
HAL_HalfDuplex_EnableReceiver                     build/debug/Drivers/STM32L4xx_HAL_Driver/Src/stm32l4xx_hal_uart.o
HAL_HalfDuplex_EnableTransmitter                  build/debug/Drivers/STM32L4xx_HAL_Driver/Src/stm32l4xx_hal_uart.o
HAL_HalfDuplex_Init                               build/debug/Drivers/STM32L4xx_HAL_Driver/Src/stm32l4xx_hal_uart.o
HAL_IncTick                                       build/debug/Drivers/STM32L4xx_HAL_Driver/Src/stm32l4xx_hal.o
                                                  build/debug/Core/Src/stm32l4xx_it.o
HAL_Init                                          build/debug/Drivers/STM32L4xx_HAL_Driver/Src/stm32l4xx_hal.o
                                                  build/debug/Core/Src/main.o
HAL_InitTick                                      build/debug/Drivers/STM32L4xx_HAL_Driver/Src/stm32l4xx_hal.o
                                                  build/debug/Drivers/STM32L4xx_HAL_Driver/Src/stm32l4xx_hal_rcc.o
HAL_LIN_Init                                      build/debug/Drivers/STM32L4xx_HAL_Driver/Src/stm32l4xx_hal_uart.o
HAL_LIN_SendBreak                                 build/debug/Drivers/STM32L4xx_HAL_Driver/Src/stm32l4xx_hal_uart.o
HAL_MPU_ConfigRegion                              build/debug/Drivers/STM32L4xx_HAL_Driver/Src/stm32l4xx_hal_cortex.o
HAL_MPU_Disable                                   build/debug/Drivers/STM32L4xx_HAL_Driver/Src/stm32l4xx_hal_cortex.o
HAL_MPU_DisableRegion                             build/debug/Drivers/STM32L4xx_HAL_Driver/Src/stm32l4xx_hal_cortex.o
HAL_MPU_Enable                                    build/debug/Drivers/STM32L4xx_HAL_Driver/Src/stm32l4xx_hal_cortex.o
HAL_MPU_EnableRegion                              build/debug/Drivers/STM32L4xx_HAL_Driver/Src/stm32l4xx_hal_cortex.o
HAL_MspDeInit                                     build/debug/Drivers/STM32L4xx_HAL_Driver/Src/stm32l4xx_hal.o
HAL_MspInit                                       build/debug/Core/Src/stm32l4xx_hal_msp.o
HAL_MultiProcessorEx_AddressLength_Set            build/debug/Drivers/STM32L4xx_HAL_Driver/Src/stm32l4xx_hal_uart_ex.o
HAL_MultiProcessor_DisableMuteMode                build/debug/Drivers/STM32L4xx_HAL_Driver/Src/stm32l4xx_hal_uart.o
HAL_MultiProcessor_EnableMuteMode                 build/debug/Drivers/STM32L4xx_HAL_Driver/Src/stm32l4xx_hal_uart.o
HAL_MultiProcessor_EnterMuteMode                  build/debug/Drivers/STM32L4xx_HAL_Driver/Src/stm32l4xx_hal_uart.o
HAL_MultiProcessor_Init                           build/debug/Drivers/STM32L4xx_HAL_Driver/Src/stm32l4xx_hal_uart.o
HAL_NVIC_ClearPendingIRQ                          build/debug/Drivers/STM32L4xx_HAL_Driver/Src/stm32l4xx_hal_cortex.o
HAL_NVIC_DisableIRQ                               build/debug/Drivers/STM32L4xx_HAL_Driver/Src/stm32l4xx_hal_cortex.o
HAL_NVIC_EnableIRQ                                build/debug/Drivers/STM32L4xx_HAL_Driver/Src/stm32l4xx_hal_cortex.o
HAL_NVIC_GetActive                                build/debug/Drivers/STM32L4xx_HAL_Driver/Src/stm32l4xx_hal_cortex.o
HAL_NVIC_GetPendingIRQ                            build/debug/Drivers/STM32L4xx_HAL_Driver/Src/stm32l4xx_hal_cortex.o
HAL_NVIC_GetPriority                              build/debug/Drivers/STM32L4xx_HAL_Driver/Src/stm32l4xx_hal_cortex.o
HAL_NVIC_GetPriorityGrouping                      build/debug/Drivers/STM32L4xx_HAL_Driver/Src/stm32l4xx_hal_cortex.o
HAL_NVIC_SetPendingIRQ                            build/debug/Drivers/STM32L4xx_HAL_Driver/Src/stm32l4xx_hal_cortex.o
HAL_NVIC_SetPriority                              build/debug/Drivers/STM32L4xx_HAL_Driver/Src/stm32l4xx_hal_cortex.o
                                                  build/debug/Drivers/STM32L4xx_HAL_Driver/Src/stm32l4xx_hal.o
HAL_NVIC_SetPriorityGrouping                      build/debug/Drivers/STM32L4xx_HAL_Driver/Src/stm32l4xx_hal_cortex.o
                                                  build/debug/Drivers/STM32L4xx_HAL_Driver/Src/stm32l4xx_hal.o
HAL_NVIC_SystemReset                              build/debug/Drivers/STM32L4xx_HAL_Driver/Src/stm32l4xx_hal_cortex.o
HAL_PCDEx_ActivateBCD                             build/debug/Drivers/STM32L4xx_HAL_Driver/Src/stm32l4xx_hal_pcd_ex.o
HAL_PCDEx_ActivateLPM                             build/debug/Drivers/STM32L4xx_HAL_Driver/Src/stm32l4xx_hal_pcd_ex.o
                                                  build/debug/Drivers/STM32L4xx_HAL_Driver/Src/stm32l4xx_hal_pcd.o
HAL_PCDEx_BCD_Callback                            build/debug/Drivers/STM32L4xx_HAL_Driver/Src/stm32l4xx_hal_pcd_ex.o
HAL_PCDEx_BCD_VBUSDetect                          build/debug/Drivers/STM32L4xx_HAL_Driver/Src/stm32l4xx_hal_pcd_ex.o
HAL_PCDEx_DeActivateBCD                           build/debug/Drivers/STM32L4xx_HAL_Driver/Src/stm32l4xx_hal_pcd_ex.o
HAL_PCDEx_DeActivateLPM                           build/debug/Drivers/STM32L4xx_HAL_Driver/Src/stm32l4xx_hal_pcd_ex.o
HAL_PCDEx_LPM_Callback                            build/debug/Drivers/STM32L4xx_HAL_Driver/Src/stm32l4xx_hal_pcd_ex.o
                                                  build/debug/Drivers/STM32L4xx_HAL_Driver/Src/stm32l4xx_hal_pcd.o
HAL_PCDEx_SetRxFiFo                               build/debug/Drivers/STM32L4xx_HAL_Driver/Src/stm32l4xx_hal_pcd_ex.o
HAL_PCDEx_SetTxFiFo                               build/debug/Drivers/STM32L4xx_HAL_Driver/Src/stm32l4xx_hal_pcd_ex.o
HAL_PCD_ActivateRemoteWakeup                      build/debug/Drivers/STM32L4xx_HAL_Driver/Src/stm32l4xx_hal_pcd.o
HAL_PCD_ConnectCallback                           build/debug/Drivers/STM32L4xx_HAL_Driver/Src/stm32l4xx_hal_pcd.o
HAL_PCD_DataInStageCallback                       build/debug/Drivers/STM32L4xx_HAL_Driver/Src/stm32l4xx_hal_pcd.o
HAL_PCD_DataOutStageCallback                      build/debug/Drivers/STM32L4xx_HAL_Driver/Src/stm32l4xx_hal_pcd.o
HAL_PCD_DeActivateRemoteWakeup                    build/debug/Drivers/STM32L4xx_HAL_Driver/Src/stm32l4xx_hal_pcd.o
HAL_PCD_DeInit                                    build/debug/Drivers/STM32L4xx_HAL_Driver/Src/stm32l4xx_hal_pcd.o
                                                  build/debug/Core/Src/myBootLoader.o
HAL_PCD_DevConnect                                build/debug/Drivers/STM32L4xx_HAL_Driver/Src/stm32l4xx_hal_pcd.o
HAL_PCD_DevDisconnect                             build/debug/Drivers/STM32L4xx_HAL_Driver/Src/stm32l4xx_hal_pcd.o
HAL_PCD_DisconnectCallback                        build/debug/Drivers/STM32L4xx_HAL_Driver/Src/stm32l4xx_hal_pcd.o
HAL_PCD_EP_Abort                                  build/debug/Drivers/STM32L4xx_HAL_Driver/Src/stm32l4xx_hal_pcd.o
HAL_PCD_EP_Close                                  build/debug/Drivers/STM32L4xx_HAL_Driver/Src/stm32l4xx_hal_pcd.o
HAL_PCD_EP_ClrStall                               build/debug/Drivers/STM32L4xx_HAL_Driver/Src/stm32l4xx_hal_pcd.o
HAL_PCD_EP_Flush                                  build/debug/Drivers/STM32L4xx_HAL_Driver/Src/stm32l4xx_hal_pcd.o
HAL_PCD_EP_GetRxCount                             build/debug/Drivers/STM32L4xx_HAL_Driver/Src/stm32l4xx_hal_pcd.o
HAL_PCD_EP_Open                                   build/debug/Drivers/STM32L4xx_HAL_Driver/Src/stm32l4xx_hal_pcd.o
HAL_PCD_EP_Receive                                build/debug/Drivers/STM32L4xx_HAL_Driver/Src/stm32l4xx_hal_pcd.o
HAL_PCD_EP_SetStall                               build/debug/Drivers/STM32L4xx_HAL_Driver/Src/stm32l4xx_hal_pcd.o
HAL_PCD_EP_Transmit                               build/debug/Drivers/STM32L4xx_HAL_Driver/Src/stm32l4xx_hal_pcd.o
HAL_PCD_GetState                                  build/debug/Drivers/STM32L4xx_HAL_Driver/Src/stm32l4xx_hal_pcd.o
HAL_PCD_IRQHandler                                build/debug/Drivers/STM32L4xx_HAL_Driver/Src/stm32l4xx_hal_pcd.o
HAL_PCD_ISOINIncompleteCallback                   build/debug/Drivers/STM32L4xx_HAL_Driver/Src/stm32l4xx_hal_pcd.o
HAL_PCD_ISOOUTIncompleteCallback                  build/debug/Drivers/STM32L4xx_HAL_Driver/Src/stm32l4xx_hal_pcd.o
HAL_PCD_Init                                      build/debug/Drivers/STM32L4xx_HAL_Driver/Src/stm32l4xx_hal_pcd.o
                                                  build/debug/Core/Src/main.o
HAL_PCD_MspDeInit                                 build/debug/Core/Src/stm32l4xx_hal_msp.o
HAL_PCD_MspInit                                   build/debug/Core/Src/stm32l4xx_hal_msp.o
HAL_PCD_ResetCallback                             build/debug/Drivers/STM32L4xx_HAL_Driver/Src/stm32l4xx_hal_pcd.o
HAL_PCD_ResumeCallback                            build/debug/Drivers/STM32L4xx_HAL_Driver/Src/stm32l4xx_hal_pcd.o
HAL_PCD_SOFCallback                               build/debug/Drivers/STM32L4xx_HAL_Driver/Src/stm32l4xx_hal_pcd.o
HAL_PCD_SetAddress                                build/debug/Drivers/STM32L4xx_HAL_Driver/Src/stm32l4xx_hal_pcd.o
HAL_PCD_SetupStageCallback                        build/debug/Drivers/STM32L4xx_HAL_Driver/Src/stm32l4xx_hal_pcd.o
HAL_PCD_Start                                     build/debug/Drivers/STM32L4xx_HAL_Driver/Src/stm32l4xx_hal_pcd.o
HAL_PCD_Stop                                      build/debug/Drivers/STM32L4xx_HAL_Driver/Src/stm32l4xx_hal_pcd.o
HAL_PCD_SuspendCallback                           build/debug/Drivers/STM32L4xx_HAL_Driver/Src/stm32l4xx_hal_pcd.o
HAL_PWREx_ConfigPVM                               build/debug/Drivers/STM32L4xx_HAL_Driver/Src/stm32l4xx_hal_pwr_ex.o
HAL_PWREx_ControlVoltageScaling                   build/debug/Drivers/STM32L4xx_HAL_Driver/Src/stm32l4xx_hal_pwr_ex.o
                                                  build/debug/Core/Src/main.o
HAL_PWREx_DisableBatteryCharging                  build/debug/Drivers/STM32L4xx_HAL_Driver/Src/stm32l4xx_hal_pwr_ex.o
HAL_PWREx_DisableDSIPinsPDActivation              build/debug/Drivers/STM32L4xx_HAL_Driver/Src/stm32l4xx_hal_pwr_ex.o
HAL_PWREx_DisableGPIOPullDown                     build/debug/Drivers/STM32L4xx_HAL_Driver/Src/stm32l4xx_hal_pwr_ex.o
HAL_PWREx_DisableGPIOPullUp                       build/debug/Drivers/STM32L4xx_HAL_Driver/Src/stm32l4xx_hal_pwr_ex.o
HAL_PWREx_DisableInternalWakeUpLine               build/debug/Drivers/STM32L4xx_HAL_Driver/Src/stm32l4xx_hal_pwr_ex.o
HAL_PWREx_DisableLowPowerRunMode                  build/debug/Drivers/STM32L4xx_HAL_Driver/Src/stm32l4xx_hal_pwr_ex.o
                                                  build/debug/Drivers/STM32L4xx_HAL_Driver/Src/stm32l4xx_hal_pwr.o
HAL_PWREx_DisablePVM1                             build/debug/Drivers/STM32L4xx_HAL_Driver/Src/stm32l4xx_hal_pwr_ex.o
HAL_PWREx_DisablePVM2                             build/debug/Drivers/STM32L4xx_HAL_Driver/Src/stm32l4xx_hal_pwr_ex.o
HAL_PWREx_DisablePVM3                             build/debug/Drivers/STM32L4xx_HAL_Driver/Src/stm32l4xx_hal_pwr_ex.o
HAL_PWREx_DisablePVM4                             build/debug/Drivers/STM32L4xx_HAL_Driver/Src/stm32l4xx_hal_pwr_ex.o
HAL_PWREx_DisablePullUpPullDownConfig             build/debug/Drivers/STM32L4xx_HAL_Driver/Src/stm32l4xx_hal_pwr_ex.o
HAL_PWREx_DisableSRAM2ContentRetention            build/debug/Drivers/STM32L4xx_HAL_Driver/Src/stm32l4xx_hal_pwr_ex.o
HAL_PWREx_DisableSRAM3ContentRetention            build/debug/Drivers/STM32L4xx_HAL_Driver/Src/stm32l4xx_hal_pwr_ex.o
HAL_PWREx_DisableVddIO2                           build/debug/Drivers/STM32L4xx_HAL_Driver/Src/stm32l4xx_hal_pwr_ex.o
HAL_PWREx_DisableVddUSB                           build/debug/Drivers/STM32L4xx_HAL_Driver/Src/stm32l4xx_hal_pwr_ex.o
                                                  build/debug/Core/Src/stm32l4xx_hal_msp.o
HAL_PWREx_EnableBatteryCharging                   build/debug/Drivers/STM32L4xx_HAL_Driver/Src/stm32l4xx_hal_pwr_ex.o
HAL_PWREx_EnableDSIPinsPDActivation               build/debug/Drivers/STM32L4xx_HAL_Driver/Src/stm32l4xx_hal_pwr_ex.o
HAL_PWREx_EnableGPIOPullDown                      build/debug/Drivers/STM32L4xx_HAL_Driver/Src/stm32l4xx_hal_pwr_ex.o
HAL_PWREx_EnableGPIOPullUp                        build/debug/Drivers/STM32L4xx_HAL_Driver/Src/stm32l4xx_hal_pwr_ex.o
HAL_PWREx_EnableInternalWakeUpLine                build/debug/Drivers/STM32L4xx_HAL_Driver/Src/stm32l4xx_hal_pwr_ex.o
HAL_PWREx_EnableLowPowerRunMode                   build/debug/Drivers/STM32L4xx_HAL_Driver/Src/stm32l4xx_hal_pwr_ex.o
                                                  build/debug/Drivers/STM32L4xx_HAL_Driver/Src/stm32l4xx_hal_pwr.o
HAL_PWREx_EnablePVM1                              build/debug/Drivers/STM32L4xx_HAL_Driver/Src/stm32l4xx_hal_pwr_ex.o
HAL_PWREx_EnablePVM2                              build/debug/Drivers/STM32L4xx_HAL_Driver/Src/stm32l4xx_hal_pwr_ex.o
HAL_PWREx_EnablePVM3                              build/debug/Drivers/STM32L4xx_HAL_Driver/Src/stm32l4xx_hal_pwr_ex.o
HAL_PWREx_EnablePVM4                              build/debug/Drivers/STM32L4xx_HAL_Driver/Src/stm32l4xx_hal_pwr_ex.o
HAL_PWREx_EnablePullUpPullDownConfig              build/debug/Drivers/STM32L4xx_HAL_Driver/Src/stm32l4xx_hal_pwr_ex.o
HAL_PWREx_EnableSRAM2ContentRetention             build/debug/Drivers/STM32L4xx_HAL_Driver/Src/stm32l4xx_hal_pwr_ex.o
HAL_PWREx_EnableSRAM3ContentRetention             build/debug/Drivers/STM32L4xx_HAL_Driver/Src/stm32l4xx_hal_pwr_ex.o
HAL_PWREx_EnableVddIO2                            build/debug/Drivers/STM32L4xx_HAL_Driver/Src/stm32l4xx_hal_pwr_ex.o
                                                  build/debug/Core/Src/stm32l4xx_hal_msp.o
                                                  build/debug/Core/Src/main.o
HAL_PWREx_EnableVddUSB                            build/debug/Drivers/STM32L4xx_HAL_Driver/Src/stm32l4xx_hal_pwr_ex.o
                                                  build/debug/Core/Src/stm32l4xx_hal_msp.o
HAL_PWREx_EnterSHUTDOWNMode                       build/debug/Drivers/STM32L4xx_HAL_Driver/Src/stm32l4xx_hal_pwr_ex.o
HAL_PWREx_EnterSTOP0Mode                          build/debug/Drivers/STM32L4xx_HAL_Driver/Src/stm32l4xx_hal_pwr_ex.o
                                                  build/debug/Drivers/STM32L4xx_HAL_Driver/Src/stm32l4xx_hal_pwr.o
HAL_PWREx_EnterSTOP1Mode                          build/debug/Drivers/STM32L4xx_HAL_Driver/Src/stm32l4xx_hal_pwr_ex.o
                                                  build/debug/Drivers/STM32L4xx_HAL_Driver/Src/stm32l4xx_hal_pwr.o
HAL_PWREx_EnterSTOP2Mode                          build/debug/Drivers/STM32L4xx_HAL_Driver/Src/stm32l4xx_hal_pwr_ex.o
HAL_PWREx_GetVoltageRange                         build/debug/Drivers/STM32L4xx_HAL_Driver/Src/stm32l4xx_hal_pwr_ex.o
                                                  build/debug/Drivers/STM32L4xx_HAL_Driver/Src/stm32l4xx_hal_rcc.o
                                                  build/debug/Drivers/STM32L4xx_HAL_Driver/Src/stm32l4xx_hal_flash_ex.o
HAL_PWREx_PVD_PVM_IRQHandler                      build/debug/Drivers/STM32L4xx_HAL_Driver/Src/stm32l4xx_hal_pwr_ex.o
HAL_PWREx_PVM1Callback                            build/debug/Drivers/STM32L4xx_HAL_Driver/Src/stm32l4xx_hal_pwr_ex.o
HAL_PWREx_PVM2Callback                            build/debug/Drivers/STM32L4xx_HAL_Driver/Src/stm32l4xx_hal_pwr_ex.o
HAL_PWREx_PVM3Callback                            build/debug/Drivers/STM32L4xx_HAL_Driver/Src/stm32l4xx_hal_pwr_ex.o
HAL_PWREx_PVM4Callback                            build/debug/Drivers/STM32L4xx_HAL_Driver/Src/stm32l4xx_hal_pwr_ex.o
HAL_PWREx_SetSRAM2ContentRetention                build/debug/Drivers/STM32L4xx_HAL_Driver/Src/stm32l4xx_hal_pwr_ex.o
HAL_PWR_ConfigPVD                                 build/debug/Drivers/STM32L4xx_HAL_Driver/Src/stm32l4xx_hal_pwr.o
HAL_PWR_DeInit                                    build/debug/Drivers/STM32L4xx_HAL_Driver/Src/stm32l4xx_hal_pwr.o
HAL_PWR_DisableBkUpAccess                         build/debug/Drivers/STM32L4xx_HAL_Driver/Src/stm32l4xx_hal_pwr.o
                                                  build/debug/Drivers/STM32L4xx_HAL_Driver/Src/stm32l4xx_hal_rcc_ex.o
HAL_PWR_DisablePVD                                build/debug/Drivers/STM32L4xx_HAL_Driver/Src/stm32l4xx_hal_pwr.o
HAL_PWR_DisableSEVOnPend                          build/debug/Drivers/STM32L4xx_HAL_Driver/Src/stm32l4xx_hal_pwr.o
HAL_PWR_DisableSleepOnExit                        build/debug/Drivers/STM32L4xx_HAL_Driver/Src/stm32l4xx_hal_pwr.o
HAL_PWR_DisableWakeUpPin                          build/debug/Drivers/STM32L4xx_HAL_Driver/Src/stm32l4xx_hal_pwr.o
HAL_PWR_EnableBkUpAccess                          build/debug/Drivers/STM32L4xx_HAL_Driver/Src/stm32l4xx_hal_pwr.o
                                                  build/debug/Drivers/STM32L4xx_HAL_Driver/Src/stm32l4xx_hal_rcc_ex.o
HAL_PWR_EnablePVD                                 build/debug/Drivers/STM32L4xx_HAL_Driver/Src/stm32l4xx_hal_pwr.o
HAL_PWR_EnableSEVOnPend                           build/debug/Drivers/STM32L4xx_HAL_Driver/Src/stm32l4xx_hal_pwr.o
HAL_PWR_EnableSleepOnExit                         build/debug/Drivers/STM32L4xx_HAL_Driver/Src/stm32l4xx_hal_pwr.o
HAL_PWR_EnableWakeUpPin                           build/debug/Drivers/STM32L4xx_HAL_Driver/Src/stm32l4xx_hal_pwr.o
HAL_PWR_EnterSLEEPMode                            build/debug/Drivers/STM32L4xx_HAL_Driver/Src/stm32l4xx_hal_pwr.o
HAL_PWR_EnterSTANDBYMode                          build/debug/Drivers/STM32L4xx_HAL_Driver/Src/stm32l4xx_hal_pwr.o
HAL_PWR_EnterSTOPMode                             build/debug/Drivers/STM32L4xx_HAL_Driver/Src/stm32l4xx_hal_pwr.o
HAL_PWR_PVDCallback                               build/debug/Drivers/STM32L4xx_HAL_Driver/Src/stm32l4xx_hal_pwr.o
                                                  build/debug/Drivers/STM32L4xx_HAL_Driver/Src/stm32l4xx_hal_pwr_ex.o
HAL_RCCEx_CRSConfig                               build/debug/Drivers/STM32L4xx_HAL_Driver/Src/stm32l4xx_hal_rcc_ex.o
HAL_RCCEx_CRSGetSynchronizationInfo               build/debug/Drivers/STM32L4xx_HAL_Driver/Src/stm32l4xx_hal_rcc_ex.o
HAL_RCCEx_CRSSoftwareSynchronizationGenerate      build/debug/Drivers/STM32L4xx_HAL_Driver/Src/stm32l4xx_hal_rcc_ex.o
HAL_RCCEx_CRSWaitSynchronization                  build/debug/Drivers/STM32L4xx_HAL_Driver/Src/stm32l4xx_hal_rcc_ex.o
HAL_RCCEx_CRS_ErrorCallback                       build/debug/Drivers/STM32L4xx_HAL_Driver/Src/stm32l4xx_hal_rcc_ex.o
HAL_RCCEx_CRS_ExpectedSyncCallback                build/debug/Drivers/STM32L4xx_HAL_Driver/Src/stm32l4xx_hal_rcc_ex.o
HAL_RCCEx_CRS_IRQHandler                          build/debug/Drivers/STM32L4xx_HAL_Driver/Src/stm32l4xx_hal_rcc_ex.o
HAL_RCCEx_CRS_SyncOkCallback                      build/debug/Drivers/STM32L4xx_HAL_Driver/Src/stm32l4xx_hal_rcc_ex.o
HAL_RCCEx_CRS_SyncWarnCallback                    build/debug/Drivers/STM32L4xx_HAL_Driver/Src/stm32l4xx_hal_rcc_ex.o
HAL_RCCEx_DisableLSCO                             build/debug/Drivers/STM32L4xx_HAL_Driver/Src/stm32l4xx_hal_rcc_ex.o
HAL_RCCEx_DisableLSECSS                           build/debug/Drivers/STM32L4xx_HAL_Driver/Src/stm32l4xx_hal_rcc_ex.o
HAL_RCCEx_DisableMSIPLLMode                       build/debug/Drivers/STM32L4xx_HAL_Driver/Src/stm32l4xx_hal_rcc_ex.o
HAL_RCCEx_DisablePLLSAI1                          build/debug/Drivers/STM32L4xx_HAL_Driver/Src/stm32l4xx_hal_rcc_ex.o
HAL_RCCEx_DisablePLLSAI2                          build/debug/Drivers/STM32L4xx_HAL_Driver/Src/stm32l4xx_hal_rcc_ex.o
HAL_RCCEx_EnableLSCO                              build/debug/Drivers/STM32L4xx_HAL_Driver/Src/stm32l4xx_hal_rcc_ex.o
HAL_RCCEx_EnableLSECSS                            build/debug/Drivers/STM32L4xx_HAL_Driver/Src/stm32l4xx_hal_rcc_ex.o
HAL_RCCEx_EnableLSECSS_IT                         build/debug/Drivers/STM32L4xx_HAL_Driver/Src/stm32l4xx_hal_rcc_ex.o
HAL_RCCEx_EnableMSIPLLMode                        build/debug/Drivers/STM32L4xx_HAL_Driver/Src/stm32l4xx_hal_rcc_ex.o
HAL_RCCEx_EnablePLLSAI1                           build/debug/Drivers/STM32L4xx_HAL_Driver/Src/stm32l4xx_hal_rcc_ex.o
HAL_RCCEx_EnablePLLSAI2                           build/debug/Drivers/STM32L4xx_HAL_Driver/Src/stm32l4xx_hal_rcc_ex.o
HAL_RCCEx_GetPeriphCLKConfig                      build/debug/Drivers/STM32L4xx_HAL_Driver/Src/stm32l4xx_hal_rcc_ex.o
HAL_RCCEx_GetPeriphCLKFreq                        build/debug/Drivers/STM32L4xx_HAL_Driver/Src/stm32l4xx_hal_rcc_ex.o
HAL_RCCEx_LSECSS_Callback                         build/debug/Drivers/STM32L4xx_HAL_Driver/Src/stm32l4xx_hal_rcc_ex.o
HAL_RCCEx_LSECSS_IRQHandler                       build/debug/Drivers/STM32L4xx_HAL_Driver/Src/stm32l4xx_hal_rcc_ex.o
HAL_RCCEx_OCTOSPIDelayConfig                      build/debug/Drivers/STM32L4xx_HAL_Driver/Src/stm32l4xx_hal_rcc_ex.o
HAL_RCCEx_PeriphCLKConfig                         build/debug/Drivers/STM32L4xx_HAL_Driver/Src/stm32l4xx_hal_rcc_ex.o
                                                  build/debug/Core/Src/stm32l4xx_hal_msp.o
HAL_RCCEx_StandbyMSIRangeConfig                   build/debug/Drivers/STM32L4xx_HAL_Driver/Src/stm32l4xx_hal_rcc_ex.o
HAL_RCCEx_WakeUpStopCLKConfig                     build/debug/Drivers/STM32L4xx_HAL_Driver/Src/stm32l4xx_hal_rcc_ex.o
HAL_RCC_CSSCallback                               build/debug/Drivers/STM32L4xx_HAL_Driver/Src/stm32l4xx_hal_rcc.o
HAL_RCC_ClockConfig                               build/debug/Drivers/STM32L4xx_HAL_Driver/Src/stm32l4xx_hal_rcc.o
                                                  build/debug/Core/Src/main.o
HAL_RCC_DeInit                                    build/debug/Drivers/STM32L4xx_HAL_Driver/Src/stm32l4xx_hal_rcc.o
HAL_RCC_EnableCSS                                 build/debug/Drivers/STM32L4xx_HAL_Driver/Src/stm32l4xx_hal_rcc.o
HAL_RCC_GetClockConfig                            build/debug/Drivers/STM32L4xx_HAL_Driver/Src/stm32l4xx_hal_rcc.o
HAL_RCC_GetHCLKFreq                               build/debug/Drivers/STM32L4xx_HAL_Driver/Src/stm32l4xx_hal_rcc.o
                                                  build/debug/Drivers/STM32L4xx_HAL_Driver/Src/stm32l4xx_hal_pcd.o
HAL_RCC_GetOscConfig                              build/debug/Drivers/STM32L4xx_HAL_Driver/Src/stm32l4xx_hal_rcc.o
HAL_RCC_GetPCLK1Freq                              build/debug/Drivers/STM32L4xx_HAL_Driver/Src/stm32l4xx_hal_rcc.o
                                                  build/debug/Drivers/STM32L4xx_HAL_Driver/Src/stm32l4xx_hal_uart.o